[    0.00s] ------------------------------------------------------------
[    0.00s] binary:  ramparils v0.1.0
[    0.00s] date:    Sun Apr 12 02:28:18 AM CEST 2026
[    0.00s] host:    yancer  (Linux 6.19.10-100.fc42.x86_64)
[    0.00s] user:    yan
[    0.00s] pid:     815843
[    0.00s] cwd:     /home/yan/repos/github/paramils/examples/eprover
[    0.00s] args:    ramparils --debug --debug-log ramparils.log --cachedb eprover-bushy010.dbcache --scenariofile scenario.yaml --debug-solver
[    0.00s] ------------------------------------------------------------
[    0.01s] cache: opened path=eprover-bushy010.dbcache
[    0.01s] cache: load_instances n=10
[    0.01s] ------------------------------------------------------------
[    0.01s] algo:       ./grackle-eprover.sh
[    0.01s] paramfile:  params-eprover.txt
[    0.01s] instances:  instances-bushy010.txt (10 loaded)
[    0.01s] test:       -
[    0.01s] cutoff:     1s
[    0.01s] timeout:    10s
[    0.01s] objective:  quality / mean
[    0.01s] approach:   focused
[    0.01s] workers:    22
[    0.01s] ------------------------------------------------------------
[    0.01s] eval: scheduler started workers=22
[    0.01s] ils: starting approach=focused instances=10 timeout=10s
[    0.01s] ils: initial config:
           condense: 0
           defcnf: 24
           der: none
           ext_sup_max_depth: -1
           fool_unroll: true
           forwardcntxtsr: 0
           fwdemod: 2
           heur0: 0
           heur1: 1
           heur2: 2
           heur3: 3
           ho_order_kind: lfho
           inverse_recognition: false
           lift_lambdas: true
           local_rw: false
           neg_ext: off
           no_eq_unfolding: 0
           pos_ext: off
           prefer: 0
           presat: 0
           replace_inj_defs: false
           satcheck: none
           sel: SelectMaxLComplexAvoidPosPred
           simparamod: none
           slots: 4
           sos_input_types: 0
           splaggr: 0
           splcl: 0
           srd: 0
           strong_rw_inst: 0
           tord: LPO4
           tord_prec: arity
[    0.01s] eval: submitted tasks=1 hits=1 misses=0
[    0.01s] eval: submitted tasks=132 hits=132 misses=0
[    0.01s] eval: reset
[    0.01s] ils: bls improvement neighbor=18 score=0.000000 (was 13.000000)
[    0.02s] eval: submitted tasks=132 hits=132 misses=0
[    0.02s] eval: reset
[    0.02s] ils: bls local optimum score=0.000000
[    0.02s] ils: new incumbent: hash=7383956be22e8cc5 score=0.000000 instances=1
           tord_prec: arity -> invfreqrank
[    0.02s] ils: perturbation strength=4
[    0.02s] eval: submitted tasks=1 hits=0 misses=1
[    0.14s] solver: db7069fa63be8ca4 @ finset_1__t13_finset_1.p #%# RamParIls #%# UNKNOWN, 1, 10000000
[    0.14s] eval: reset
[    0.14s] ils: bls neighborhood=132 instances=1 incumbent=0.000000
[    0.14s] eval: submitted tasks=132 hits=0 misses=132
[    0.32s] solver: dff436db36e2b5d1 @ finset_1__t13_finset_1.p #%# RamParIls #%# UNKNOWN, 1, 10000000
[    0.35s] solver: 3ec9f07ee3ed266d @ finset_1__t13_finset_1.p #%# RamParIls #%# Theorem, 0.006128078001816291, 16
[    0.36s] solver: 81397de6931a29de @ finset_1__t13_finset_1.p #%# RamParIls #%# UNKNOWN, 1, 10000000
[    0.36s] solver: 9e3fb1db54942769 @ finset_1__t13_finset_1.p #%# RamParIls #%# UNKNOWN, 1, 10000000
[    0.36s] solver: da1d47c8cac868fb @ finset_1__t13_finset_1.p #%# RamParIls #%# UNKNOWN, 1, 10000000
[    0.36s] solver: 228bf3a616d83edd @ finset_1__t13_finset_1.p #%# RamParIls #%# UNKNOWN, 1, 10000000
[    0.37s] solver: 4c9f2dd2fd10ca79 @ finset_1__t13_finset_1.p #%# RamParIls #%# UNKNOWN, 1, 10000000
[    0.38s] solver: 011d4e44b6bfd451 @ finset_1__t13_finset_1.p #%# RamParIls #%# UNKNOWN, 1, 10000000
[    0.38s] solver: 22049fd12641a0d4 @ finset_1__t13_finset_1.p #%# RamParIls #%# UNKNOWN, 1, 10000000
[    0.39s] solver: a049f47170430500 @ finset_1__t13_finset_1.p #%# RamParIls #%# UNKNOWN, 1, 10000000
[    0.41s] solver: 8c8eeb0c1a3b2646 @ finset_1__t13_finset_1.p #%# RamParIls #%# UNKNOWN, 1, 10000000
[    0.41s] solver: 0cc731f29ea9c82b @ finset_1__t13_finset_1.p #%# RamParIls #%# UNKNOWN, 1, 10000000
[    0.41s] solver: a27ab1f8be814454 @ finset_1__t13_finset_1.p #%# RamParIls #%# UNKNOWN, 1, 10000000
[    0.41s] solver: 728e3383ff48b0d4 @ finset_1__t13_finset_1.p #%# RamParIls #%# UNKNOWN, 1, 10000000
[    0.42s] solver: 40b5536e11d7f1aa @ finset_1__t13_finset_1.p #%# RamParIls #%# UNKNOWN, 1, 10000000
[    0.43s] solver: 2bfc7a43b8aa2b47 @ finset_1__t13_finset_1.p #%# RamParIls #%# UNKNOWN, 1, 10000000
[    0.43s] solver: a4ea14cd7d5954a3 @ finset_1__t13_finset_1.p #%# RamParIls #%# UNKNOWN, 1, 10000000
[    0.44s] solver: f3802bd16dbe950e @ finset_1__t13_finset_1.p #%# RamParIls #%# UNKNOWN, 1, 10000000
[    0.44s] solver: 39697fe61998d5db @ finset_1__t13_finset_1.p #%# RamParIls #%# Theorem, 0.010214964000732173, 20
[    0.48s] solver: 95b8bc473e688f19 @ finset_1__t13_finset_1.p #%# RamParIls #%# UNKNOWN, 1, 10000000
[    0.51s] solver: 00c1c777b412af18 @ finset_1__t13_finset_1.p #%# RamParIls #%# UNKNOWN, 1, 10000000
[    0.52s] solver: 5edd78b9c2c7c227 @ finset_1__t13_finset_1.p #%# RamParIls #%# UNKNOWN, 1, 10000000
[    0.53s] solver: 5b2515b77c3798bc @ finset_1__t13_finset_1.p #%# RamParIls #%# UNKNOWN, 1, 10000000
[    0.58s] solver: 471072a450c8e854 @ finset_1__t13_finset_1.p #%# RamParIls #%# UNKNOWN, 1, 10000000
[    0.59s] solver: 9a3c0a3ea48bf18b @ finset_1__t13_finset_1.p #%# RamParIls #%# UNKNOWN, 1, 10000000
[    0.59s] solver: 93c76f6dcfe99f4e @ finset_1__t13_finset_1.p #%# RamParIls #%# UNKNOWN, 1, 10000000
[    0.60s] solver: 3f4285c4926da902 @ finset_1__t13_finset_1.p #%# RamParIls #%# UNKNOWN, 1, 10000000
[    0.61s] solver: bc2f9ede7f472337 @ finset_1__t13_finset_1.p #%# RamParIls #%# UNKNOWN, 1, 10000000
[    0.62s] solver: 64d7cde5c2dba39e @ finset_1__t13_finset_1.p #%# RamParIls #%# UNKNOWN, 1, 10000000
[    0.63s] solver: 77ca2f1aa73be51b @ finset_1__t13_finset_1.p #%# RamParIls #%# UNKNOWN, 1, 10000000
[    0.63s] solver: 4fd6869c368e80e0 @ finset_1__t13_finset_1.p #%# RamParIls #%# UNKNOWN, 1, 10000000
[    0.63s] solver: ac4b160d6dd66a09 @ finset_1__t13_finset_1.p #%# RamParIls #%# UNKNOWN, 1, 10000000
[    0.65s] solver: 918baf234f0d1aa0 @ finset_1__t13_finset_1.p #%# RamParIls #%# UNKNOWN, 1, 10000000
[    0.66s] solver: b18bcc4beed97f1a @ finset_1__t13_finset_1.p #%# RamParIls #%# UNKNOWN, 1, 10000000
[    0.66s] solver: 18ed49f8fd81fa9d @ finset_1__t13_finset_1.p #%# RamParIls #%# UNKNOWN, 1, 10000000
[    0.69s] solver: a6c88894905a5b70 @ finset_1__t13_finset_1.p #%# RamParIls #%# UNKNOWN, 1, 10000000
[    0.69s] solver: dd005c94258c5f59 @ finset_1__t13_finset_1.p #%# RamParIls #%# UNKNOWN, 1, 10000000
[    0.71s] solver: 88c06019edaeb97c @ finset_1__t13_finset_1.p #%# RamParIls #%# UNKNOWN, 1, 10000000
[    0.72s] solver: c63fdf83f551216e @ finset_1__t13_finset_1.p #%# RamParIls #%# UNKNOWN, 1, 10000000
[    0.73s] solver: 79c65f63578fd89e @ finset_1__t13_finset_1.p #%# RamParIls #%# UNKNOWN, 1, 10000000
[    0.75s] solver: d0446b7159babd1a @ finset_1__t13_finset_1.p #%# RamParIls #%# UNKNOWN, 1, 10000000
[    0.75s] solver: c455b6ff9b8755c4 @ finset_1__t13_finset_1.p #%# RamParIls #%# UNKNOWN, 1, 10000000
[    0.75s] solver: 5b86e82144620e7e @ finset_1__t13_finset_1.p #%# RamParIls #%# UNKNOWN, 1, 10000000
[    0.79s] solver: 18cea8d83d43e772 @ finset_1__t13_finset_1.p #%# RamParIls #%# UNKNOWN, 1, 10000000
[    0.79s] solver: 8c3cb0fc729a95ac @ finset_1__t13_finset_1.p #%# RamParIls #%# UNKNOWN, 1, 10000000
[    0.81s] solver: d7b2fb87759be0c5 @ finset_1__t13_finset_1.p #%# RamParIls #%# UNKNOWN, 1, 10000000
[    0.82s] solver: 543d1270cc412c20 @ finset_1__t13_finset_1.p #%# RamParIls #%# UNKNOWN, 1, 10000000
[    0.85s] solver: 671d3f3cdee7f2b6 @ finset_1__t13_finset_1.p #%# RamParIls #%# UNKNOWN, 1, 10000000
[    0.86s] solver: 1ccde8d7bd0a9b4c @ finset_1__t13_finset_1.p #%# RamParIls #%# UNKNOWN, 1, 10000000
[    0.87s] solver: c4d4f68fb1467b9a @ finset_1__t13_finset_1.p #%# RamParIls #%# UNKNOWN, 1, 10000000
[    0.88s] solver: a8852d948cad72b7 @ finset_1__t13_finset_1.p #%# RamParIls #%# UNKNOWN, 1, 10000000
[    0.88s] solver: d6d9776ce57f578b @ finset_1__t13_finset_1.p #%# RamParIls #%# UNKNOWN, 1, 10000000
[    0.90s] solver: 5808751df2dbb2cc @ finset_1__t13_finset_1.p #%# RamParIls #%# UNKNOWN, 1, 10000000
[    0.90s] solver: 950c7beea60a49df @ finset_1__t13_finset_1.p #%# RamParIls #%# UNKNOWN, 1, 10000000
[    0.91s] solver: 7537fdc7c0b512b1 @ finset_1__t13_finset_1.p #%# RamParIls #%# UNKNOWN, 1, 10000000
[    0.92s] solver: 3bce1da5455d4832 @ finset_1__t13_finset_1.p #%# RamParIls #%# UNKNOWN, 1, 10000000
[    0.95s] solver: 7a02500714f81674 @ finset_1__t13_finset_1.p #%# RamParIls #%# UNKNOWN, 1, 10000000
[    0.97s] solver: 932f262a9848158d @ finset_1__t13_finset_1.p #%# RamParIls #%# UNKNOWN, 1, 10000000
[    0.97s] solver: 4f5239694de8c520 @ finset_1__t13_finset_1.p #%# RamParIls #%# UNKNOWN, 1, 10000000
[    0.97s] solver: 0c3d4aea57499a84 @ finset_1__t13_finset_1.p #%# RamParIls #%# UNKNOWN, 1, 10000000
[    0.99s] solver: 1e8ad524f048dc2a @ finset_1__t13_finset_1.p #%# RamParIls #%# Theorem, 0.01270352399984328, 22
[    1.00s] solver: 06f506e7424a75ab @ finset_1__t13_finset_1.p #%# RamParIls #%# UNKNOWN, 1, 10000000
[    1.02s] solver: 2a863ba2f85a044d @ finset_1__t13_finset_1.p #%# RamParIls #%# UNKNOWN, 1, 10000000
[    1.02s] solver: e6e37908a9b442f5 @ finset_1__t13_finset_1.p #%# RamParIls #%# Theorem, 0.007926644997731783, 17
[    1.04s] solver: 4efd839721f140a7 @ finset_1__t13_finset_1.p #%# RamParIls #%# UNKNOWN, 1, 10000000
[    1.04s] solver: efe96872c9fbb897 @ finset_1__t13_finset_1.p #%# RamParIls #%# UNKNOWN, 1, 10000000
[    1.07s] solver: 6a6388c050a1384b @ finset_1__t13_finset_1.p #%# RamParIls #%# UNKNOWN, 1, 10000000
[    1.07s] solver: 56912e54848cd278 @ finset_1__t13_finset_1.p #%# RamParIls #%# UNKNOWN, 1, 10000000
[    1.08s] solver: 31e0c70e0e28387a @ finset_1__t13_finset_1.p #%# RamParIls #%# UNKNOWN, 1, 10000000
[    1.08s] solver: 0ce292305b894403 @ finset_1__t13_finset_1.p #%# RamParIls #%# Theorem, 0.00678559800406592, 16
[    1.10s] solver: 355bf2d6027a2d1d @ finset_1__t13_finset_1.p #%# RamParIls #%# Theorem, 0.005880796001425478, 15
[    1.12s] solver: a9191eddedf8faa9 @ finset_1__t13_finset_1.p #%# RamParIls #%# UNKNOWN, 1, 10000000
[    1.12s] solver: 7c04d35847e99c35 @ finset_1__t13_finset_1.p #%# RamParIls #%# UNKNOWN, 1, 10000000
[    1.15s] solver: 4cdb46d69efa9909 @ finset_1__t13_finset_1.p #%# RamParIls #%# UNKNOWN, 1, 10000000
[    1.15s] solver: 35aed3083efffd4c @ finset_1__t13_finset_1.p #%# RamParIls #%# UNKNOWN, 1, 10000000
[    1.16s] solver: ddd9a37e9182123d @ finset_1__t13_finset_1.p #%# RamParIls #%# UNKNOWN, 1, 10000000
[    1.17s] solver: 8448fcf9e13d521a @ finset_1__t13_finset_1.p #%# RamParIls #%# UNKNOWN, 1, 10000000
[    1.17s] solver: 42d5200783335245 @ finset_1__t13_finset_1.p #%# RamParIls #%# UNKNOWN, 1, 10000000
[    1.19s] solver: 0c5c2244b1f10071 @ finset_1__t13_finset_1.p #%# RamParIls #%# UNKNOWN, 1, 10000000
[    1.24s] solver: c73ecda49bc65d6e @ finset_1__t13_finset_1.p #%# RamParIls #%# UNKNOWN, 1, 10000000
[    1.25s] solver: ec277a0c2fa007e2 @ finset_1__t13_finset_1.p #%# RamParIls #%# Theorem, 0.009266635000222363, 19
[    1.25s] solver: a61b999631c96d72 @ finset_1__t13_finset_1.p #%# RamParIls #%# UNKNOWN, 1, 10000000
[    1.26s] solver: 05f963f4b26d4fd7 @ finset_1__t13_finset_1.p #%# RamParIls #%# UNKNOWN, 1, 10000000
[    1.26s] solver: 4873c31eb7d47cab @ finset_1__t13_finset_1.p #%# RamParIls #%# UNKNOWN, 1, 10000000
[    1.27s] solver: b3f964a418d987d2 @ finset_1__t13_finset_1.p #%# RamParIls #%# UNKNOWN, 1, 10000000
[    1.30s] solver: ab620bf9a70e1b37 @ finset_1__t13_finset_1.p #%# RamParIls #%# UNKNOWN, 1, 10000000
[    1.30s] solver: 614c4dbc1157c64c @ finset_1__t13_finset_1.p #%# RamParIls #%# UNKNOWN, 1, 10000000
[    1.31s] solver: 7554fca955ca91e6 @ finset_1__t13_finset_1.p #%# RamParIls #%# UNKNOWN, 1, 10000000
[    1.31s] solver: 5702dc19634830a9 @ finset_1__t13_finset_1.p #%# RamParIls #%# UNKNOWN, 1, 10000000
[    1.33s] solver: 5c5431e4a0f5a470 @ finset_1__t13_finset_1.p #%# RamParIls #%# UNKNOWN, 1, 10000000
[    1.34s] solver: 99beae1f836a6ef8 @ finset_1__t13_finset_1.p #%# RamParIls #%# UNKNOWN, 1, 10000000
[    1.35s] solver: b6127fcf2611b776 @ finset_1__t13_finset_1.p #%# RamParIls #%# UNKNOWN, 1, 10000000
[    1.35s] solver: e3b980a9153bac20 @ finset_1__t13_finset_1.p #%# RamParIls #%# UNKNOWN, 1, 10000000
[    1.37s] solver: 1c25aeccb8337fa8 @ finset_1__t13_finset_1.p #%# RamParIls #%# UNKNOWN, 1, 10000000
[    1.37s] solver: 2f3089bf17bd88da @ finset_1__t13_finset_1.p #%# RamParIls #%# UNKNOWN, 1, 10000000
[    1.39s] solver: fffe5c56288950c8 @ finset_1__t13_finset_1.p #%# RamParIls #%# UNKNOWN, 1, 10000000
[    1.42s] solver: 887b969c4e23c6ea @ finset_1__t13_finset_1.p #%# RamParIls #%# UNKNOWN, 1, 10000000
[    1.45s] solver: 32cf82d0316ea395 @ finset_1__t13_finset_1.p #%# RamParIls #%# UNKNOWN, 1, 10000000
[    1.46s] solver: 16939286e53b6825 @ finset_1__t13_finset_1.p #%# RamParIls #%# UNKNOWN, 1, 10000000
[    1.47s] solver: dc0475e188c31fdd @ finset_1__t13_finset_1.p #%# RamParIls #%# UNKNOWN, 1, 10000000
[    1.48s] solver: 60115b00b44f03f3 @ finset_1__t13_finset_1.p #%# RamParIls #%# UNKNOWN, 1, 10000000
[    1.49s] solver: 0214f745247c5737 @ finset_1__t13_finset_1.p #%# RamParIls #%# UNKNOWN, 1, 10000000
[    1.49s] solver: 79b13324ea17f7b6 @ finset_1__t13_finset_1.p #%# RamParIls #%# UNKNOWN, 1, 10000000
[    1.50s] solver: 86b29831164b0fc4 @ finset_1__t13_finset_1.p #%# RamParIls #%# UNKNOWN, 1, 10000000
[    1.50s] solver: e8c1298414e1d50c @ finset_1__t13_finset_1.p #%# RamParIls #%# UNKNOWN, 1, 10000000
[    1.52s] solver: 476b8778d409a0f8 @ finset_1__t13_finset_1.p #%# RamParIls #%# UNKNOWN, 1, 10000000
[    1.53s] solver: 5f43cd17def5dbf0 @ finset_1__t13_finset_1.p #%# RamParIls #%# UNKNOWN, 1, 10000000
[    1.53s] solver: a7b4ddc354290979 @ finset_1__t13_finset_1.p #%# RamParIls #%# UNKNOWN, 1, 10000000
[    1.55s] solver: 4d761a0f3ff59ef9 @ finset_1__t13_finset_1.p #%# RamParIls #%# UNKNOWN, 1, 10000000
[    1.56s] solver: 550ae752cd12259a @ finset_1__t13_finset_1.p #%# RamParIls #%# UNKNOWN, 1, 10000000
[    1.57s] solver: 547277533ac639d5 @ finset_1__t13_finset_1.p #%# RamParIls #%# UNKNOWN, 1, 10000000
[    1.58s] solver: ded34b69740ff65a @ finset_1__t13_finset_1.p #%# RamParIls #%# UNKNOWN, 1, 10000000
[    1.58s] solver: 0c2e9ab92c4dd9c6 @ finset_1__t13_finset_1.p #%# RamParIls #%# UNKNOWN, 1, 10000000
[    1.59s] solver: db6f5d2627dad780 @ finset_1__t13_finset_1.p #%# RamParIls #%# UNKNOWN, 1, 10000000
[    1.62s] solver: 860b25a06f6698f7 @ finset_1__t13_finset_1.p #%# RamParIls #%# UNKNOWN, 1, 10000000
[    1.62s] solver: b4b149e87eb34ea4 @ finset_1__t13_finset_1.p #%# RamParIls #%# UNKNOWN, 1, 10000000
[    1.63s] solver: 93f9d239a6f8a38f @ finset_1__t13_finset_1.p #%# RamParIls #%# UNKNOWN, 1, 10000000
[    1.64s] solver: b7a8e6100f361edf @ finset_1__t13_finset_1.p #%# RamParIls #%# UNKNOWN, 1, 10000000
[    1.68s] solver: 7bd1f8041ae48c0a @ finset_1__t13_finset_1.p #%# RamParIls #%# UNKNOWN, 1, 10000000
[    1.69s] solver: 6b1d41a62c4cb154 @ finset_1__t13_finset_1.p #%# RamParIls #%# UNKNOWN, 1, 10000000
[    1.70s] solver: e560192d133ae880 @ finset_1__t13_finset_1.p #%# RamParIls #%# UNKNOWN, 1, 10000000
[    1.70s] solver: 57d884f1f79d06fd @ finset_1__t13_finset_1.p #%# RamParIls #%# UNKNOWN, 1, 10000000
[    1.70s] solver: ad247722b2e5a586 @ finset_1__t13_finset_1.p #%# RamParIls #%# UNKNOWN, 1, 10000000
[    1.71s] solver: 065626189d3991c1 @ finset_1__t13_finset_1.p #%# RamParIls #%# UNKNOWN, 1, 10000000
[    1.71s] solver: 0831473479d2197d @ finset_1__t13_finset_1.p #%# RamParIls #%# UNKNOWN, 1, 10000000
[    1.71s] solver: ff985a2f87f909e1 @ finset_1__t13_finset_1.p #%# RamParIls #%# UNKNOWN, 1, 10000000
[    1.72s] solver: 7d92964c433b0d24 @ finset_1__t13_finset_1.p #%# RamParIls #%# UNKNOWN, 1, 10000000
[    1.72s] solver: b007423dc0955413 @ finset_1__t13_finset_1.p #%# RamParIls #%# UNKNOWN, 1, 10000000
[    1.72s] solver: b12c51106d219fab @ finset_1__t13_finset_1.p #%# RamParIls #%# UNKNOWN, 1, 10000000
[    1.73s] solver: da268602a3309e4c @ finset_1__t13_finset_1.p #%# RamParIls #%# UNKNOWN, 1, 10000000
[    1.74s] solver: 2e16414d552814e5 @ finset_1__t13_finset_1.p #%# RamParIls #%# UNKNOWN, 1, 10000000
[    1.75s] solver: b7d2d888a5f416c6 @ finset_1__t13_finset_1.p #%# RamParIls #%# UNKNOWN, 1, 10000000
[    1.75s] eval: reset
[    1.75s] ils: bls local optimum score=10000000.000000
[    1.75s] eval: submitted tasks=2 hits=2 misses=0
[    1.75s] ils: n_runs increased to 2/10 incumbent_score=5000000.000000
[    1.75s] ils: perturbation strength=4
[    1.75s] eval: submitted tasks=2 hits=0 misses=2
[    1.88s] solver: 764f149a62cca646 @ finset_1__t13_finset_1.p #%# RamParIls #%# UNKNOWN, 1, 10000000
[    1.88s] solver: 764f149a62cca646 @ finset_1__t15_finset_1.p #%# RamParIls #%# UNKNOWN, 1, 10000000
[    1.88s] ils: bls neighborhood=132 instances=2 incumbent=5000000.000000
[    1.89s] eval: submitted tasks=264 hits=0 misses=264
[    2.07s] solver: 456326f35885edd3 @ finset_1__t13_finset_1.p #%# RamParIls #%# Theorem, 0.005918654000392649, 15
[    2.07s] solver: 0b435b9889308dff @ finset_1__t15_finset_1.p #%# RamParIls #%# UNKNOWN, 1, 10000000
[    2.09s] solver: 2a489c5831568dd1 @ finset_1__t13_finset_1.p #%# RamParIls #%# UNKNOWN, 1, 10000000
[    2.12s] solver: 456326f35885edd3 @ finset_1__t15_finset_1.p #%# RamParIls #%# Theorem, 0.004643885003516916, 14
[    2.12s] eval: reset
[    2.12s] ils: bls improvement neighbor=10 score=14.500000 (was 10000000.000000)
[    2.12s] solver: ad39f8f89a6d85d8 @ finset_1__t15_finset_1.p #%# RamParIls #%# UNKNOWN, 1, 10000000
[    2.13s] eval: submitted tasks=264 hits=2 misses=262
[    2.13s] solver: 602269bb120eb6e8 @ finset_1__t15_finset_1.p #%# RamParIls #%# UNKNOWN, 1, 10000000
[    2.13s] solver: b32c5edde0fd8b53 @ finset_1__t13_finset_1.p #%# RamParIls #%# UNKNOWN, 1, 10000000
[    2.14s] solver: 5c06fd30ee8cc6da @ finset_1__t13_finset_1.p #%# RamParIls #%# UNKNOWN, 1, 10000000
[    2.15s] solver: d838ea5472272228 @ finset_1__t13_finset_1.p #%# RamParIls #%# UNKNOWN, 1, 10000000
[    2.15s] solver: 7bbdce16b48c7fbf @ finset_1__t13_finset_1.p #%# RamParIls #%# UNKNOWN, 1, 10000000
[    2.15s] solver: 5c06fd30ee8cc6da @ finset_1__t15_finset_1.p #%# RamParIls #%# UNKNOWN, 1, 10000000
[    2.16s] solver: b32c5edde0fd8b53 @ finset_1__t15_finset_1.p #%# RamParIls #%# UNKNOWN, 1, 10000000
[    2.16s] solver: 9fdd839080cfeb9e @ finset_1__t15_finset_1.p #%# RamParIls #%# UNKNOWN, 1, 10000000
[    2.16s] solver: 7bbdce16b48c7fbf @ finset_1__t15_finset_1.p #%# RamParIls #%# UNKNOWN, 1, 10000000
[    2.16s] solver: fcab7cc471cf421a @ finset_1__t15_finset_1.p #%# RamParIls #%# UNKNOWN, 1, 10000000
[    2.17s] solver: fcab7cc471cf421a @ finset_1__t13_finset_1.p #%# RamParIls #%# UNKNOWN, 1, 10000000
[    2.17s] solver: d838ea5472272228 @ finset_1__t15_finset_1.p #%# RamParIls #%# UNKNOWN, 1, 10000000
[    2.19s] solver: 0b435b9889308dff @ finset_1__t13_finset_1.p #%# RamParIls #%# UNKNOWN, 1, 10000000
[    2.19s] solver: 9fdd839080cfeb9e @ finset_1__t13_finset_1.p #%# RamParIls #%# UNKNOWN, 1, 10000000
[    2.20s] solver: ad39f8f89a6d85d8 @ finset_1__t13_finset_1.p #%# RamParIls #%# UNKNOWN, 1, 10000000
[    2.20s] solver: 2a489c5831568dd1 @ finset_1__t15_finset_1.p #%# RamParIls #%# UNKNOWN, 1, 10000000
[    2.24s] solver: 602269bb120eb6e8 @ finset_1__t13_finset_1.p #%# RamParIls #%# UNKNOWN, 1, 10000000
[    2.30s] solver: 3c92a0189488e3b3 @ finset_1__t13_finset_1.p #%# RamParIls #%# UNKNOWN, 1, 10000000
[    2.31s] solver: 3c92a0189488e3b3 @ finset_1__t15_finset_1.p #%# RamParIls #%# UNKNOWN, 1, 10000000
[    2.35s] solver: 8a7465d4fd29af75 @ finset_1__t13_finset_1.p #%# RamParIls #%# UNKNOWN, 1, 10000000
[    2.36s] solver: 63e8437a766e2ec9 @ finset_1__t15_finset_1.p #%# RamParIls #%# UNKNOWN, 1, 10000000
[    2.36s] solver: 6d22a6bc18615ea0 @ finset_1__t13_finset_1.p #%# RamParIls #%# UNKNOWN, 1, 10000000
[    2.36s] solver: bfabd28bfc11f01d @ finset_1__t15_finset_1.p #%# RamParIls #%# UNKNOWN, 1, 10000000
[    2.38s] solver: 63e8437a766e2ec9 @ finset_1__t13_finset_1.p #%# RamParIls #%# UNKNOWN, 1, 10000000
[    2.38s] solver: 8a7465d4fd29af75 @ finset_1__t15_finset_1.p #%# RamParIls #%# UNKNOWN, 1, 10000000
[    2.39s] solver: d6ff80faec4a6cf1 @ finset_1__t13_finset_1.p #%# RamParIls #%# UNKNOWN, 1, 10000000
[    2.40s] solver: 7831bdb52d794067 @ finset_1__t13_finset_1.p #%# RamParIls #%# UNKNOWN, 1, 10000000
[    2.40s] solver: d6ff80faec4a6cf1 @ finset_1__t15_finset_1.p #%# RamParIls #%# UNKNOWN, 1, 10000000
[    2.41s] solver: 081000b69808396f @ finset_1__t15_finset_1.p #%# RamParIls #%# Theorem, 0.005617388999729417, 15
[    2.41s] solver: bfabd28bfc11f01d @ finset_1__t13_finset_1.p #%# RamParIls #%# UNKNOWN, 1, 10000000
[    2.41s] solver: 54035482a1b236d2 @ finset_1__t13_finset_1.p #%# RamParIls #%# UNKNOWN, 1, 10000000
[    2.42s] solver: 081000b69808396f @ finset_1__t13_finset_1.p #%# RamParIls #%# Theorem, 0.00720410000279639, 17
[    2.43s] solver: 6d22a6bc18615ea0 @ finset_1__t15_finset_1.p #%# RamParIls #%# UNKNOWN, 1, 10000000
[    2.46s] solver: 7831bdb52d794067 @ finset_1__t15_finset_1.p #%# RamParIls #%# UNKNOWN, 1, 10000000
[    2.46s] solver: 4a2fae0322b0cb44 @ finset_1__t15_finset_1.p #%# RamParIls #%# UNKNOWN, 1, 10000000
[    2.46s] solver: 4a2fae0322b0cb44 @ finset_1__t13_finset_1.p #%# RamParIls #%# UNKNOWN, 1, 10000000
[    2.49s] solver: 546dd6142100d98f @ finset_1__t15_finset_1.p #%# RamParIls #%# UNKNOWN, 1, 10000000
[    2.50s] solver: 546dd6142100d98f @ finset_1__t13_finset_1.p #%# RamParIls #%# UNKNOWN, 1, 10000000
[    2.50s] solver: 54035482a1b236d2 @ finset_1__t15_finset_1.p #%# RamParIls #%# UNKNOWN, 1, 10000000
[    2.57s] solver: fbb6d31d6c435461 @ finset_1__t13_finset_1.p #%# RamParIls #%# UNKNOWN, 1, 10000000
[    2.58s] solver: c80c8f5b034157b8 @ finset_1__t15_finset_1.p #%# RamParIls #%# UNKNOWN, 1, 10000000
[    2.60s] solver: 5cbe8ad24e17cf49 @ finset_1__t13_finset_1.p #%# RamParIls #%# UNKNOWN, 1, 10000000
[    2.61s] solver: ecb77e55dd09bf8d @ finset_1__t15_finset_1.p #%# RamParIls #%# UNKNOWN, 1, 10000000
[    2.61s] solver: 5cbe8ad24e17cf49 @ finset_1__t15_finset_1.p #%# RamParIls #%# UNKNOWN, 1, 10000000
[    2.61s] solver: c80c8f5b034157b8 @ finset_1__t13_finset_1.p #%# RamParIls #%# UNKNOWN, 1, 10000000
[    2.62s] solver: 270e3998e344c7a3 @ finset_1__t15_finset_1.p #%# RamParIls #%# Theorem, 0.009445805999313947, 19
[    2.63s] solver: d0f2308a61d2f46b @ finset_1__t15_finset_1.p #%# RamParIls #%# UNKNOWN, 1, 10000000
[    2.65s] solver: fbb6d31d6c435461 @ finset_1__t15_finset_1.p #%# RamParIls #%# UNKNOWN, 1, 10000000
[    2.66s] solver: ecb77e55dd09bf8d @ finset_1__t13_finset_1.p #%# RamParIls #%# UNKNOWN, 1, 10000000
[    2.67s] solver: 830b30e8c565915b @ finset_1__t13_finset_1.p #%# RamParIls #%# UNKNOWN, 1, 10000000
[    2.68s] solver: 830b30e8c565915b @ finset_1__t15_finset_1.p #%# RamParIls #%# UNKNOWN, 1, 10000000
[    2.68s] solver: 270e3998e344c7a3 @ finset_1__t13_finset_1.p #%# RamParIls #%# Theorem, 0.01515628499775147, 25
[    2.69s] solver: 06ce742d65aec052 @ finset_1__t15_finset_1.p #%# RamParIls #%# UNKNOWN, 1, 10000000
[    2.69s] solver: 06ce742d65aec052 @ finset_1__t13_finset_1.p #%# RamParIls #%# UNKNOWN, 1, 10000000
[    2.69s] solver: d0f2308a61d2f46b @ finset_1__t13_finset_1.p #%# RamParIls #%# UNKNOWN, 1, 10000000
[    2.70s] solver: f92dd1df8cde03a1 @ finset_1__t13_finset_1.p #%# RamParIls #%# UNKNOWN, 1, 10000000
[    2.72s] solver: 711a9d1a78623f06 @ finset_1__t15_finset_1.p #%# RamParIls #%# UNKNOWN, 1, 10000000
[    2.72s] solver: 711a9d1a78623f06 @ finset_1__t13_finset_1.p #%# RamParIls #%# UNKNOWN, 1, 10000000
[    2.76s] solver: f92dd1df8cde03a1 @ finset_1__t15_finset_1.p #%# RamParIls #%# UNKNOWN, 1, 10000000
[    2.79s] solver: 3da336e246a19d3b @ finset_1__t15_finset_1.p #%# RamParIls #%# UNKNOWN, 1, 10000000
[    2.79s] solver: 8c9224c3a75cee6f @ finset_1__t13_finset_1.p #%# RamParIls #%# UNKNOWN, 1, 10000000
[    2.80s] solver: 3da336e246a19d3b @ finset_1__t13_finset_1.p #%# RamParIls #%# UNKNOWN, 1, 10000000
[    2.84s] solver: 3f326837a294c62d @ finset_1__t13_finset_1.p #%# RamParIls #%# UNKNOWN, 1, 10000000
[    2.85s] solver: 85d296d69b342c48 @ finset_1__t15_finset_1.p #%# RamParIls #%# UNKNOWN, 1, 10000000
[    2.86s] solver: 8c9224c3a75cee6f @ finset_1__t15_finset_1.p #%# RamParIls #%# UNKNOWN, 1, 10000000
[    2.89s] solver: 3f326837a294c62d @ finset_1__t15_finset_1.p #%# RamParIls #%# UNKNOWN, 1, 10000000
[    2.89s] solver: a108d6c05cf84be3 @ finset_1__t13_finset_1.p #%# RamParIls #%# UNKNOWN, 1, 10000000
[    2.90s] solver: 85d296d69b342c48 @ finset_1__t13_finset_1.p #%# RamParIls #%# UNKNOWN, 1, 10000000
[    2.92s] solver: ed5deec42f7145a0 @ finset_1__t15_finset_1.p #%# RamParIls #%# UNKNOWN, 1, 10000000
[    2.92s] solver: ebf023f23acd2054 @ finset_1__t13_finset_1.p #%# RamParIls #%# UNKNOWN, 1, 10000000
[    2.92s] solver: a108d6c05cf84be3 @ finset_1__t15_finset_1.p #%# RamParIls #%# UNKNOWN, 1, 10000000
[    2.93s] solver: 3246248c7da5b621 @ finset_1__t15_finset_1.p #%# RamParIls #%# UNKNOWN, 1, 10000000
[    2.93s] solver: 3246248c7da5b621 @ finset_1__t13_finset_1.p #%# RamParIls #%# UNKNOWN, 1, 10000000
[    2.94s] solver: ed5deec42f7145a0 @ finset_1__t13_finset_1.p #%# RamParIls #%# UNKNOWN, 1, 10000000
[    2.94s] solver: 2492edbe58331abf @ finset_1__t13_finset_1.p #%# RamParIls #%# UNKNOWN, 1, 10000000
[    2.97s] solver: 2ded06914920cdc8 @ finset_1__t13_finset_1.p #%# RamParIls #%# UNKNOWN, 1, 10000000
[    2.98s] solver: ebf023f23acd2054 @ finset_1__t15_finset_1.p #%# RamParIls #%# UNKNOWN, 1, 10000000
[    2.98s] solver: 2492edbe58331abf @ finset_1__t15_finset_1.p #%# RamParIls #%# UNKNOWN, 1, 10000000
[    2.98s] solver: d689232c6b27de16 @ finset_1__t13_finset_1.p #%# RamParIls #%# UNKNOWN, 1, 10000000
[    2.99s] solver: 2ded06914920cdc8 @ finset_1__t15_finset_1.p #%# RamParIls #%# UNKNOWN, 1, 10000000
[    3.01s] solver: c15f651c361cb125 @ finset_1__t13_finset_1.p #%# RamParIls #%# Theorem, 0.009741830996834674, 19
[    3.02s] solver: 9adf3fc7f6bf5b20 @ finset_1__t13_finset_1.p #%# RamParIls #%# UNKNOWN, 1, 10000000
[    3.02s] solver: c15f651c361cb125 @ finset_1__t15_finset_1.p #%# RamParIls #%# Theorem, 0.009869076993935275, 19
[    3.05s] solver: 9adf3fc7f6bf5b20 @ finset_1__t15_finset_1.p #%# RamParIls #%# UNKNOWN, 1, 10000000
[    3.09s] solver: d689232c6b27de16 @ finset_1__t15_finset_1.p #%# RamParIls #%# UNKNOWN, 1, 10000000
[    3.10s] solver: 178a6cb8a1d60a20 @ finset_1__t13_finset_1.p #%# RamParIls #%# UNKNOWN, 1, 10000000
[    3.12s] solver: 178a6cb8a1d60a20 @ finset_1__t15_finset_1.p #%# RamParIls #%# UNKNOWN, 1, 10000000
[    3.15s] solver: 7f8459e157cd5add @ finset_1__t13_finset_1.p #%# RamParIls #%# UNKNOWN, 1, 10000000
[    3.17s] solver: 2a6934320f2a736b @ finset_1__t13_finset_1.p #%# RamParIls #%# UNKNOWN, 1, 10000000
[    3.17s] solver: 31bcd4819f985b36 @ finset_1__t15_finset_1.p #%# RamParIls #%# UNKNOWN, 1, 10000000
[    3.18s] solver: 2a6934320f2a736b @ finset_1__t15_finset_1.p #%# RamParIls #%# UNKNOWN, 1, 10000000
[    3.18s] solver: 31bcd4819f985b36 @ finset_1__t13_finset_1.p #%# RamParIls #%# UNKNOWN, 1, 10000000
[    3.19s] solver: cf899358130f0c90 @ finset_1__t15_finset_1.p #%# RamParIls #%# UNKNOWN, 1, 10000000
[    3.20s] solver: 7f8459e157cd5add @ finset_1__t15_finset_1.p #%# RamParIls #%# UNKNOWN, 1, 10000000
[    3.21s] solver: 6b1a08c1c0970182 @ finset_1__t13_finset_1.p #%# RamParIls #%# UNKNOWN, 1, 10000000
[    3.22s] solver: cf899358130f0c90 @ finset_1__t13_finset_1.p #%# RamParIls #%# UNKNOWN, 1, 10000000
[    3.22s] solver: ac10883ff02e76a1 @ finset_1__t13_finset_1.p #%# RamParIls #%# UNKNOWN, 1, 10000000
[    3.22s] solver: ac10883ff02e76a1 @ finset_1__t15_finset_1.p #%# RamParIls #%# UNKNOWN, 1, 10000000
[    3.23s] solver: bedc24dfba01c182 @ finset_1__t13_finset_1.p #%# RamParIls #%# UNKNOWN, 1, 10000000
[    3.24s] solver: 6b1a08c1c0970182 @ finset_1__t15_finset_1.p #%# RamParIls #%# UNKNOWN, 1, 10000000
[    3.25s] solver: 813bf78317e1f001 @ finset_1__t15_finset_1.p #%# RamParIls #%# UNKNOWN, 1, 10000000
[    3.27s] solver: 813bf78317e1f001 @ finset_1__t13_finset_1.p #%# RamParIls #%# UNKNOWN, 1, 10000000
[    3.28s] solver: c2013e0696e3e3da @ finset_1__t15_finset_1.p #%# RamParIls #%# UNKNOWN, 1, 10000000
[    3.30s] solver: c2013e0696e3e3da @ finset_1__t13_finset_1.p #%# RamParIls #%# UNKNOWN, 1, 10000000
[    3.30s] solver: 4242b4b96ddd316e @ finset_1__t13_finset_1.p #%# RamParIls #%# UNKNOWN, 1, 10000000
[    3.35s] solver: bedc24dfba01c182 @ finset_1__t15_finset_1.p #%# RamParIls #%# UNKNOWN, 1, 10000000
[    3.37s] solver: 20abb57758642390 @ finset_1__t13_finset_1.p #%# RamParIls #%# UNKNOWN, 1, 10000000
[    3.37s] solver: 20abb57758642390 @ finset_1__t15_finset_1.p #%# RamParIls #%# UNKNOWN, 1, 10000000
[    3.40s] solver: 4242b4b96ddd316e @ finset_1__t15_finset_1.p #%# RamParIls #%# UNKNOWN, 1, 10000000
[    3.43s] solver: 030cc6ef57413bc8 @ finset_1__t13_finset_1.p #%# RamParIls #%# UNKNOWN, 1, 10000000
[    3.43s] solver: eea6116929586521 @ finset_1__t13_finset_1.p #%# RamParIls #%# UNKNOWN, 1, 10000000
[    3.43s] solver: 030cc6ef57413bc8 @ finset_1__t15_finset_1.p #%# RamParIls #%# UNKNOWN, 1, 10000000
[    3.45s] solver: 768d4173277bcb28 @ finset_1__t15_finset_1.p #%# RamParIls #%# UNKNOWN, 1, 10000000
[    3.45s] solver: 768d4173277bcb28 @ finset_1__t13_finset_1.p #%# RamParIls #%# UNKNOWN, 1, 10000000
[    3.45s] solver: 46b51544e2e3d985 @ finset_1__t13_finset_1.p #%# RamParIls #%# UNKNOWN, 1, 10000000
[    3.46s] solver: 46b51544e2e3d985 @ finset_1__t15_finset_1.p #%# RamParIls #%# UNKNOWN, 1, 10000000
[    3.47s] solver: eea6116929586521 @ finset_1__t15_finset_1.p #%# RamParIls #%# UNKNOWN, 1, 10000000
[    3.47s] solver: e69fae4dfaec2b41 @ finset_1__t15_finset_1.p #%# RamParIls #%# UNKNOWN, 1, 10000000
[    3.48s] solver: e69fae4dfaec2b41 @ finset_1__t13_finset_1.p #%# RamParIls #%# UNKNOWN, 1, 10000000
[    3.48s] solver: 1d5421d086eff603 @ finset_1__t15_finset_1.p #%# RamParIls #%# UNKNOWN, 1, 10000000
[    3.49s] solver: e5b3cd870c42bddf @ finset_1__t15_finset_1.p #%# RamParIls #%# UNKNOWN, 1, 10000000
[    3.49s] solver: 1d5421d086eff603 @ finset_1__t13_finset_1.p #%# RamParIls #%# UNKNOWN, 1, 10000000
[    3.51s] solver: e5b3cd870c42bddf @ finset_1__t13_finset_1.p #%# RamParIls #%# UNKNOWN, 1, 10000000
[    3.55s] solver: c45a2a90a3da6574 @ finset_1__t13_finset_1.p #%# RamParIls #%# UNKNOWN, 1, 10000000
[    3.56s] solver: c45a2a90a3da6574 @ finset_1__t15_finset_1.p #%# RamParIls #%# UNKNOWN, 1, 10000000
[    3.60s] solver: 8d8a5e714097f64a @ finset_1__t13_finset_1.p #%# RamParIls #%# UNKNOWN, 1, 10000000
[    3.60s] solver: 95b64293c3b1e5c2 @ finset_1__t13_finset_1.p #%# RamParIls #%# UNKNOWN, 1, 10000000
[    3.61s] solver: 78134f4c8aa8d1ee @ finset_1__t15_finset_1.p #%# RamParIls #%# UNKNOWN, 1, 10000000
[    3.62s] solver: 95b64293c3b1e5c2 @ finset_1__t15_finset_1.p #%# RamParIls #%# UNKNOWN, 1, 10000000
[    3.64s] solver: 8d8a5e714097f64a @ finset_1__t15_finset_1.p #%# RamParIls #%# UNKNOWN, 1, 10000000
[    3.65s] solver: 14fb7c486705933c @ finset_1__t15_finset_1.p #%# RamParIls #%# UNKNOWN, 1, 10000000
[    3.67s] solver: 14fb7c486705933c @ finset_1__t13_finset_1.p #%# RamParIls #%# UNKNOWN, 1, 10000000
[    3.68s] solver: 78134f4c8aa8d1ee @ finset_1__t13_finset_1.p #%# RamParIls #%# UNKNOWN, 1, 10000000
[    3.68s] solver: 8bfdcd4f8b78c79b @ finset_1__t13_finset_1.p #%# RamParIls #%# Theorem, 0.005180571000484285, 15
[    3.70s] solver: 8bfdcd4f8b78c79b @ finset_1__t15_finset_1.p #%# RamParIls #%# Theorem, 0.005796833996401634, 15
[    3.71s] solver: 11d5739e3f72546f @ finset_1__t15_finset_1.p #%# RamParIls #%# UNKNOWN, 1, 10000000
[    3.71s] solver: 11d5739e3f72546f @ finset_1__t13_finset_1.p #%# RamParIls #%# UNKNOWN, 1, 10000000
[    3.72s] solver: d99a4a0ceb2b7d94 @ finset_1__t15_finset_1.p #%# RamParIls #%# UNKNOWN, 1, 10000000
[    3.73s] solver: f0bca0fea1fe1b94 @ finset_1__t13_finset_1.p #%# RamParIls #%# UNKNOWN, 1, 10000000
[    3.74s] solver: d99a4a0ceb2b7d94 @ finset_1__t13_finset_1.p #%# RamParIls #%# UNKNOWN, 1, 10000000
[    3.74s] solver: f0bca0fea1fe1b94 @ finset_1__t15_finset_1.p #%# RamParIls #%# UNKNOWN, 1, 10000000
[    3.75s] solver: 71fd1446cd09421c @ finset_1__t15_finset_1.p #%# RamParIls #%# UNKNOWN, 1, 10000000
[    3.77s] solver: 8327db592f17a798 @ finset_1__t13_finset_1.p #%# RamParIls #%# UNKNOWN, 1, 10000000
[    3.78s] solver: 8327db592f17a798 @ finset_1__t15_finset_1.p #%# RamParIls #%# UNKNOWN, 1, 10000000
[    3.79s] solver: 71fd1446cd09421c @ finset_1__t13_finset_1.p #%# RamParIls #%# UNKNOWN, 1, 10000000
[    3.83s] solver: e83793c2c772f668 @ finset_1__t15_finset_1.p #%# RamParIls #%# UNKNOWN, 1, 10000000
[    3.85s] solver: f92297978a8dca53 @ finset_1__t13_finset_1.p #%# RamParIls #%# UNKNOWN, 1, 10000000
[    3.85s] solver: bd129edd46d33f12 @ finset_1__t13_finset_1.p #%# RamParIls #%# UNKNOWN, 1, 10000000
[    3.86s] solver: 67026e47c2239351 @ finset_1__t13_finset_1.p #%# RamParIls #%# UNKNOWN, 1, 10000000
[    3.87s] solver: 67026e47c2239351 @ finset_1__t15_finset_1.p #%# RamParIls #%# UNKNOWN, 1, 10000000
[    3.89s] solver: f92297978a8dca53 @ finset_1__t15_finset_1.p #%# RamParIls #%# UNKNOWN, 1, 10000000
[    3.90s] solver: 36c789c56e422a99 @ finset_1__t13_finset_1.p #%# RamParIls #%# UNKNOWN, 1, 10000000
[    3.91s] solver: b26d93b056e45862 @ finset_1__t13_finset_1.p #%# RamParIls #%# UNKNOWN, 1, 10000000
[    3.91s] solver: 36c789c56e422a99 @ finset_1__t15_finset_1.p #%# RamParIls #%# UNKNOWN, 1, 10000000
[    3.94s] solver: bd129edd46d33f12 @ finset_1__t15_finset_1.p #%# RamParIls #%# UNKNOWN, 1, 10000000
[    3.96s] solver: 5d1708459c61bc65 @ finset_1__t13_finset_1.p #%# RamParIls #%# UNKNOWN, 1, 10000000
[    3.96s] solver: f34417a4a1dc0d66 @ finset_1__t15_finset_1.p #%# RamParIls #%# UNKNOWN, 1, 10000000
[    3.97s] solver: f34417a4a1dc0d66 @ finset_1__t13_finset_1.p #%# RamParIls #%# UNKNOWN, 1, 10000000
[    3.97s] solver: e83793c2c772f668 @ finset_1__t13_finset_1.p #%# RamParIls #%# UNKNOWN, 1, 10000000
[    4.00s] solver: 957a9ee03b0feda5 @ finset_1__t15_finset_1.p #%# RamParIls #%# UNKNOWN, 1, 10000000
[    4.01s] solver: 957a9ee03b0feda5 @ finset_1__t13_finset_1.p #%# RamParIls #%# UNKNOWN, 1, 10000000
[    4.02s] solver: b26d93b056e45862 @ finset_1__t15_finset_1.p #%# RamParIls #%# UNKNOWN, 1, 10000000
[    4.02s] solver: 5d1708459c61bc65 @ finset_1__t15_finset_1.p #%# RamParIls #%# UNKNOWN, 1, 10000000
[    4.02s] solver: 2386926bd9689075 @ finset_1__t13_finset_1.p #%# RamParIls #%# UNKNOWN, 1, 10000000
[    4.03s] solver: 2386926bd9689075 @ finset_1__t15_finset_1.p #%# RamParIls #%# UNKNOWN, 1, 10000000
[    4.06s] solver: 6b713080d2932960 @ finset_1__t13_finset_1.p #%# RamParIls #%# UNKNOWN, 1, 10000000
[    4.08s] solver: d1a52fd64b910d86 @ finset_1__t13_finset_1.p #%# RamParIls #%# UNKNOWN, 1, 10000000
[    4.09s] solver: 7965723ce3f4d749 @ finset_1__t13_finset_1.p #%# RamParIls #%# UNKNOWN, 1, 10000000
[    4.12s] solver: d1a52fd64b910d86 @ finset_1__t15_finset_1.p #%# RamParIls #%# UNKNOWN, 1, 10000000
[    4.13s] solver: 6b713080d2932960 @ finset_1__t15_finset_1.p #%# RamParIls #%# UNKNOWN, 1, 10000000
[    4.13s] solver: f5a72b61897e31a1 @ finset_1__t13_finset_1.p #%# RamParIls #%# UNKNOWN, 1, 10000000
[    4.14s] solver: 0a14558b94431420 @ finset_1__t15_finset_1.p #%# RamParIls #%# UNKNOWN, 1, 10000000
[    4.15s] solver: 0a14558b94431420 @ finset_1__t13_finset_1.p #%# RamParIls #%# UNKNOWN, 1, 10000000
[    4.16s] solver: f5a72b61897e31a1 @ finset_1__t15_finset_1.p #%# RamParIls #%# UNKNOWN, 1, 10000000
[    4.18s] solver: 1b764baeccc3239a @ finset_1__t13_finset_1.p #%# RamParIls #%# UNKNOWN, 1, 10000000
[    4.19s] solver: 5cea050de68bd0e9 @ finset_1__t13_finset_1.p #%# RamParIls #%# Theorem, 0.007839999001643155, 17
[    4.19s] solver: dd50fb51bb39f1b3 @ finset_1__t15_finset_1.p #%# RamParIls #%# UNKNOWN, 1, 10000000
[    4.20s] solver: dd50fb51bb39f1b3 @ finset_1__t13_finset_1.p #%# RamParIls #%# UNKNOWN, 1, 10000000
[    4.21s] solver: 5cea050de68bd0e9 @ finset_1__t15_finset_1.p #%# RamParIls #%# Theorem, 0.009863778000562451, 19
[    4.24s] solver: 4a019c2b078466b0 @ finset_1__t15_finset_1.p #%# RamParIls #%# UNKNOWN, 1, 10000000
[    4.24s] solver: 1f4d2fde4dcd221a @ finset_1__t15_finset_1.p #%# RamParIls #%# UNKNOWN, 1, 10000000
[    4.24s] solver: 1f4d2fde4dcd221a @ finset_1__t13_finset_1.p #%# RamParIls #%# UNKNOWN, 1, 10000000
[    4.26s] solver: 1b764baeccc3239a @ finset_1__t15_finset_1.p #%# RamParIls #%# UNKNOWN, 1, 10000000
[    4.26s] solver: 4a019c2b078466b0 @ finset_1__t13_finset_1.p #%# RamParIls #%# UNKNOWN, 1, 10000000
[    4.27s] solver: 97715ef2d89b2391 @ finset_1__t13_finset_1.p #%# RamParIls #%# UNKNOWN, 1, 10000000
[    4.29s] solver: 7965723ce3f4d749 @ finset_1__t15_finset_1.p #%# RamParIls #%# UNKNOWN, 1, 10000000
[    4.30s] solver: 97715ef2d89b2391 @ finset_1__t15_finset_1.p #%# RamParIls #%# UNKNOWN, 1, 10000000
[    4.32s] solver: 0df893c2ea7106d7 @ finset_1__t13_finset_1.p #%# RamParIls #%# UNKNOWN, 1, 10000000
[    4.34s] solver: 677a87e11becf5d9 @ finset_1__t13_finset_1.p #%# RamParIls #%# UNKNOWN, 1, 10000000
[    4.35s] solver: 0df893c2ea7106d7 @ finset_1__t15_finset_1.p #%# RamParIls #%# UNKNOWN, 1, 10000000
[    4.39s] solver: 677a87e11becf5d9 @ finset_1__t15_finset_1.p #%# RamParIls #%# UNKNOWN, 1, 10000000
[    4.40s] solver: 120704e370cb9d61 @ finset_1__t13_finset_1.p #%# RamParIls #%# UNKNOWN, 1, 10000000
[    4.41s] solver: 8f3929e112c45bfa @ finset_1__t13_finset_1.p #%# RamParIls #%# UNKNOWN, 1, 10000000
[    4.43s] solver: 120704e370cb9d61 @ finset_1__t15_finset_1.p #%# RamParIls #%# UNKNOWN, 1, 10000000
[    4.43s] solver: b2d4d9c0811ae8d4 @ finset_1__t13_finset_1.p #%# RamParIls #%# UNKNOWN, 1, 10000000
[    4.43s] solver: 416c79e03b97e4be @ finset_1__t15_finset_1.p #%# RamParIls #%# UNKNOWN, 1, 10000000
[    4.44s] solver: 416c79e03b97e4be @ finset_1__t13_finset_1.p #%# RamParIls #%# UNKNOWN, 1, 10000000
[    4.46s] solver: 8f3929e112c45bfa @ finset_1__t15_finset_1.p #%# RamParIls #%# UNKNOWN, 1, 10000000
[    4.46s] solver: b2d4d9c0811ae8d4 @ finset_1__t15_finset_1.p #%# RamParIls #%# UNKNOWN, 1, 10000000
[    4.47s] solver: 5f17f3c0f13b5532 @ finset_1__t13_finset_1.p #%# RamParIls #%# UNKNOWN, 1, 10000000
[    4.47s] solver: 3591e9a217f20229 @ finset_1__t13_finset_1.p #%# RamParIls #%# UNKNOWN, 1, 10000000
[    4.48s] solver: f7b21c934df5d013 @ finset_1__t13_finset_1.p #%# RamParIls #%# UNKNOWN, 1, 10000000
[    4.48s] solver: 5f17f3c0f13b5532 @ finset_1__t15_finset_1.p #%# RamParIls #%# UNKNOWN, 1, 10000000
[    4.51s] solver: f7b21c934df5d013 @ finset_1__t15_finset_1.p #%# RamParIls #%# UNKNOWN, 1, 10000000
[    4.51s] solver: 3591e9a217f20229 @ finset_1__t15_finset_1.p #%# RamParIls #%# UNKNOWN, 1, 10000000
[    4.55s] solver: 693dff2bab0e0592 @ finset_1__t15_finset_1.p #%# RamParIls #%# UNKNOWN, 1, 10000000
[    4.55s] solver: 323517fbf2007304 @ finset_1__t15_finset_1.p #%# RamParIls #%# UNKNOWN, 1, 10000000
[    4.56s] solver: 323517fbf2007304 @ finset_1__t13_finset_1.p #%# RamParIls #%# UNKNOWN, 1, 10000000
[    4.59s] solver: d17c4dcf79a5acc4 @ finset_1__t13_finset_1.p #%# RamParIls #%# UNKNOWN, 1, 10000000
[    4.60s] solver: cadef38fd91ea578 @ finset_1__t13_finset_1.p #%# RamParIls #%# UNKNOWN, 1, 10000000
[    4.61s] solver: cadef38fd91ea578 @ finset_1__t15_finset_1.p #%# RamParIls #%# UNKNOWN, 1, 10000000
[    4.64s] solver: f0c348031875c476 @ finset_1__t15_finset_1.p #%# RamParIls #%# UNKNOWN, 1, 10000000
[    4.66s] solver: 693dff2bab0e0592 @ finset_1__t13_finset_1.p #%# RamParIls #%# UNKNOWN, 1, 10000000
[    4.66s] solver: f0c348031875c476 @ finset_1__t13_finset_1.p #%# RamParIls #%# UNKNOWN, 1, 10000000
[    4.67s] solver: 7a07564d2ad9373e @ finset_1__t13_finset_1.p #%# RamParIls #%# UNKNOWN, 1, 10000000
[    4.68s] solver: 7a07564d2ad9373e @ finset_1__t15_finset_1.p #%# RamParIls #%# UNKNOWN, 1, 10000000
[    4.69s] solver: d17c4dcf79a5acc4 @ finset_1__t15_finset_1.p #%# RamParIls #%# UNKNOWN, 1, 10000000
[    4.69s] solver: 32c7895d2c1f0e99 @ finset_1__t15_finset_1.p #%# RamParIls #%# UNKNOWN, 1, 10000000
[    4.72s] solver: 77dbb17b1c760fde @ finset_1__t13_finset_1.p #%# RamParIls #%# UNKNOWN, 1, 10000000
[    4.72s] solver: 3070705c2d615c23 @ finset_1__t13_finset_1.p #%# RamParIls #%# UNKNOWN, 1, 10000000
[    4.72s] solver: 77dbb17b1c760fde @ finset_1__t15_finset_1.p #%# RamParIls #%# UNKNOWN, 1, 10000000
[    4.73s] solver: e0a033c689a8cc3a @ finset_1__t13_finset_1.p #%# RamParIls #%# UNKNOWN, 1, 10000000
[    4.74s] solver: 3070705c2d615c23 @ finset_1__t15_finset_1.p #%# RamParIls #%# UNKNOWN, 1, 10000000
[    4.75s] solver: 32c7895d2c1f0e99 @ finset_1__t13_finset_1.p #%# RamParIls #%# UNKNOWN, 1, 10000000
[    4.75s] solver: e0a033c689a8cc3a @ finset_1__t15_finset_1.p #%# RamParIls #%# UNKNOWN, 1, 10000000
[    4.78s] solver: 85ee9baaf944ec97 @ finset_1__t15_finset_1.p #%# RamParIls #%# UNKNOWN, 1, 10000000
[    4.79s] solver: 85ee9baaf944ec97 @ finset_1__t13_finset_1.p #%# RamParIls #%# UNKNOWN, 1, 10000000
[    4.82s] solver: 2a05b64cc25ba720 @ finset_1__t13_finset_1.p #%# RamParIls #%# UNKNOWN, 1, 10000000
[    4.84s] solver: 95066df9902baed1 @ finset_1__t13_finset_1.p #%# RamParIls #%# UNKNOWN, 1, 10000000
[    4.85s] solver: 95066df9902baed1 @ finset_1__t15_finset_1.p #%# RamParIls #%# UNKNOWN, 1, 10000000
[    4.85s] solver: 2a05b64cc25ba720 @ finset_1__t15_finset_1.p #%# RamParIls #%# UNKNOWN, 1, 10000000
[    4.87s] solver: 918cbd98ebb0754d @ finset_1__t13_finset_1.p #%# RamParIls #%# UNKNOWN, 1, 10000000
[    4.90s] solver: 686781d61457aec6 @ finset_1__t15_finset_1.p #%# RamParIls #%# UNKNOWN, 1, 10000000
[    4.92s] solver: 918cbd98ebb0754d @ finset_1__t15_finset_1.p #%# RamParIls #%# UNKNOWN, 1, 10000000
[    4.94s] solver: 624e02b58cad2f38 @ finset_1__t13_finset_1.p #%# RamParIls #%# UNKNOWN, 1, 10000000
[    4.94s] solver: f9e334f339f59666 @ finset_1__t15_finset_1.p #%# RamParIls #%# UNKNOWN, 1, 10000000
[    4.96s] solver: 05d3f07be387f944 @ finset_1__t13_finset_1.p #%# RamParIls #%# UNKNOWN, 1, 10000000
[    4.96s] solver: 05d3f07be387f944 @ finset_1__t15_finset_1.p #%# RamParIls #%# UNKNOWN, 1, 10000000
[    4.97s] solver: f9e334f339f59666 @ finset_1__t13_finset_1.p #%# RamParIls #%# UNKNOWN, 1, 10000000
[    4.98s] solver: 686781d61457aec6 @ finset_1__t13_finset_1.p #%# RamParIls #%# UNKNOWN, 1, 10000000
[    4.98s] solver: 6e6daeff287ffbad @ finset_1__t15_finset_1.p #%# RamParIls #%# UNKNOWN, 1, 10000000
[    4.98s] solver: 624e02b58cad2f38 @ finset_1__t15_finset_1.p #%# RamParIls #%# UNKNOWN, 1, 10000000
[    5.01s] solver: ef9237d2e0389e60 @ finset_1__t15_finset_1.p #%# RamParIls #%# UNKNOWN, 1, 10000000
[    5.02s] solver: ef9237d2e0389e60 @ finset_1__t13_finset_1.p #%# RamParIls #%# UNKNOWN, 1, 10000000
[    5.02s] solver: 9356d622c3b87fb1 @ finset_1__t13_finset_1.p #%# RamParIls #%# UNKNOWN, 1, 10000000
[    5.02s] solver: 00ccb6ac5b435bd9 @ finset_1__t15_finset_1.p #%# RamParIls #%# UNKNOWN, 1, 10000000
[    5.02s] solver: 00ccb6ac5b435bd9 @ finset_1__t13_finset_1.p #%# RamParIls #%# UNKNOWN, 1, 10000000
[    5.03s] solver: 6e6daeff287ffbad @ finset_1__t13_finset_1.p #%# RamParIls #%# UNKNOWN, 1, 10000000
[    5.06s] solver: 9356d622c3b87fb1 @ finset_1__t15_finset_1.p #%# RamParIls #%# UNKNOWN, 1, 10000000
[    5.09s] solver: 09f370e3e3ae2f39 @ finset_1__t13_finset_1.p #%# RamParIls #%# UNKNOWN, 1, 10000000
[    5.09s] solver: 9acc4389ac8a87c4 @ finset_1__t13_finset_1.p #%# RamParIls #%# Theorem, 0.012329517998276744, 22
[    5.10s] solver: 09f370e3e3ae2f39 @ finset_1__t15_finset_1.p #%# RamParIls #%# UNKNOWN, 1, 10000000
[    5.13s] solver: 4cc4678cedd4566a @ finset_1__t15_finset_1.p #%# RamParIls #%# UNKNOWN, 1, 10000000
[    5.13s] solver: 9acc4389ac8a87c4 @ finset_1__t15_finset_1.p #%# RamParIls #%# Theorem, 0.008765162000927609, 18
[    5.16s] solver: 4cc4678cedd4566a @ finset_1__t13_finset_1.p #%# RamParIls #%# UNKNOWN, 1, 10000000
[    5.17s] solver: 55db9eddf995043f @ finset_1__t13_finset_1.p #%# RamParIls #%# UNKNOWN, 1, 10000000
[    5.18s] solver: bb0e805979e2e593 @ finset_1__t13_finset_1.p #%# RamParIls #%# Theorem, 0.006901349003974815, 16
[    5.19s] solver: bb0e805979e2e593 @ finset_1__t15_finset_1.p #%# RamParIls #%# Theorem, 0.009793065999291372, 19
[    5.20s] solver: 7575fdba14659491 @ finset_1__t15_finset_1.p #%# RamParIls #%# Theorem, 0.006442097003762611, 16
[    5.20s] solver: 646f092c34c6f246 @ finset_1__t15_finset_1.p #%# RamParIls #%# UNKNOWN, 1, 10000000
[    5.22s] solver: 7575fdba14659491 @ finset_1__t13_finset_1.p #%# RamParIls #%# Theorem, 0.005822967006751802, 15
[    5.24s] solver: 55db9eddf995043f @ finset_1__t15_finset_1.p #%# RamParIls #%# UNKNOWN, 1, 10000000
[    5.25s] solver: 270e3998e344c7a3 @ finset_1__t15_finset_1.p #%# RamParIls #%# Theorem, 0.0061970629995046185, 16
[    5.25s] solver: 3025af0d34fa4140 @ finset_1__t13_finset_1.p #%# RamParIls #%# Theorem, 0.004428539999152534, 14
[    5.25s] solver: 270e3998e344c7a3 @ finset_1__t13_finset_1.p #%# RamParIls #%# Theorem, 0.01143822200337518, 21
[    5.25s] solver: 646f092c34c6f246 @ finset_1__t13_finset_1.p #%# RamParIls #%# UNKNOWN, 1, 10000000
[    5.26s] solver: c15f651c361cb125 @ finset_1__t13_finset_1.p #%# RamParIls #%# Theorem, 0.00746669100424042, 17
[    5.29s] solver: 3025af0d34fa4140 @ finset_1__t15_finset_1.p #%# RamParIls #%# Theorem, 0.004295110997596756, 14
[    5.30s] solver: 795a8d6880538a3a @ finset_1__t13_finset_1.p #%# RamParIls #%# Theorem, 0.008897577996664682, 18
[    5.31s] solver: 1a363fe5ae109e7d @ finset_1__t13_finset_1.p #%# RamParIls #%# Theorem, 0.006328412006007042, 16
[    5.31s] solver: 1c0c71b94dbdb1a1 @ finset_1__t13_finset_1.p #%# RamParIls #%# Theorem, 0.006370126992936712, 16
[    5.32s] solver: c15f651c361cb125 @ finset_1__t15_finset_1.p #%# RamParIls #%# Theorem, 0.008028460001978092, 18
[    5.35s] solver: 1c0c71b94dbdb1a1 @ finset_1__t15_finset_1.p #%# RamParIls #%# Theorem, 0.009599521001123823, 19
[    5.36s] solver: a8363f95de8b38d6 @ finset_1__t13_finset_1.p #%# RamParIls #%# Theorem, 0.008833096997253598, 18
[    5.36s] solver: 795a8d6880538a3a @ finset_1__t15_finset_1.p #%# RamParIls #%# Theorem, 0.011200959999485872, 21
[    5.37s] solver: a8363f95de8b38d6 @ finset_1__t15_finset_1.p #%# RamParIls #%# Theorem, 0.007307862002091017, 17
[    5.39s] solver: 8b37712636e1525a @ finset_1__t15_finset_1.p #%# RamParIls #%# Theorem, 0.00559797399885254, 15
[    5.40s] solver: 1a363fe5ae109e7d @ finset_1__t15_finset_1.p #%# RamParIls #%# Theorem, 0.0070618009995520115, 17
[    5.40s] solver: 8b37712636e1525a @ finset_1__t13_finset_1.p #%# RamParIls #%# Theorem, 0.00762549600232346, 17
[    5.41s] solver: 15e6a8e4248d5a35 @ finset_1__t13_finset_1.p #%# RamParIls #%# Theorem, 0.0054412460009125065, 15
[    5.43s] solver: 72a81e9beed7d1b9 @ finset_1__t13_finset_1.p #%# RamParIls #%# Theorem, 0.009401257000747136, 19
[    5.45s] solver: 15e6a8e4248d5a35 @ finset_1__t15_finset_1.p #%# RamParIls #%# Theorem, 0.006789144001265988, 16
[    5.45s] eval: reset
[    5.45s] ils: bls local optimum score=14.500000
[    5.45s] ils: new incumbent: hash=456326f35885edd3 score=14.500000 instances=2
           heur1: 1 -> 12
           heur3: 3 -> 0
           neg_ext: off -> all
           sel: SelectMaxLComplexAvoidPosPred -> SelectCQIPrecWNTNp
           tord_prec: invfreqrank -> invfreqconstmin
[    5.45s] ils: perturbation strength=4
[    5.45s] eval: submitted tasks=2 hits=0 misses=2
[    5.47s] solver: e468b02000eebab2 @ finset_1__t15_finset_1.p #%# RamParIls #%# Theorem, 0.006714528003483079, 16
[    5.48s] solver: e981938ad8f1985c @ finset_1__t15_finset_1.p #%# RamParIls #%# Theorem, 0.007562907004858367, 17
[    5.49s] solver: e981938ad8f1985c @ finset_1__t13_finset_1.p #%# RamParIls #%# Theorem, 0.009146454004796222, 19
[    5.50s] solver: ce2bbf5d2568ffaf @ finset_1__t13_finset_1.p #%# RamParIls #%# Theorem, 0.008298645002051257, 18
[    5.52s] solver: cfb12556b8afaf88 @ finset_1__t15_finset_1.p #%# RamParIls #%# Theorem, 0.005579233000215143, 15
[    5.52s] solver: 72a81e9beed7d1b9 @ finset_1__t15_finset_1.p #%# RamParIls #%# Theorem, 0.006604899998731911, 16
[    5.53s] solver: fb2a51f702dff182 @ finset_1__t13_finset_1.p #%# RamParIls #%# Theorem, 0.0072587639988660815, 17
[    5.53s] solver: cfb12556b8afaf88 @ finset_1__t13_finset_1.p #%# RamParIls #%# Theorem, 0.006979573000349105, 16
[    5.57s] solver: e468b02000eebab2 @ finset_1__t13_finset_1.p #%# RamParIls #%# Theorem, 0.008809824003031477, 18
[    5.57s] solver: 38037b73d3687f84 @ finset_1__t13_finset_1.p #%# RamParIls #%# Theorem, 0.005670443001260982, 15
[    5.58s] solver: fb2a51f702dff182 @ finset_1__t15_finset_1.p #%# RamParIls #%# Theorem, 0.011696963997402695, 21
[    5.59s] solver: d4f94425d250f667 @ finset_1__t13_finset_1.p #%# RamParIls #%# Theorem, 0.007324851997346617, 17
[    5.60s] solver: a9217fd7507cb963 @ finset_1__t13_finset_1.p #%# RamParIls #%# Theorem, 0.00835205499921553, 18
[    5.60s] solver: ce2bbf5d2568ffaf @ finset_1__t15_finset_1.p #%# RamParIls #%# Theorem, 0.008456998000368941, 18
[    5.60s] solver: a9217fd7507cb963 @ finset_1__t15_finset_1.p #%# RamParIls #%# Theorem, 0.007197161001075059, 17
[    5.62s] solver: d4f94425d250f667 @ finset_1__t15_finset_1.p #%# RamParIls #%# Theorem, 0.0063589009989821355, 16
[    5.62s] solver: 38037b73d3687f84 @ finset_1__t15_finset_1.p #%# RamParIls #%# Theorem, 0.00792787899913313, 17
[    5.63s] solver: 773c8f85a402c832 @ finset_1__t13_finset_1.p #%# RamParIls #%# Theorem, 0.004090712006311398, 14
[    5.66s] solver: 07e68755a4684196 @ finset_1__t13_finset_1.p #%# RamParIls #%# Theorem, 0.007801142003631685, 17
[    5.68s] solver: 07e68755a4684196 @ finset_1__t15_finset_1.p #%# RamParIls #%# Theorem, 0.006445525999376085, 16
[    5.68s] solver: ec611b10e72b004b @ finset_1__t13_finset_1.p #%# RamParIls #%# Theorem, 0.00547615700056823, 15
[    5.71s] solver: ec611b10e72b004b @ finset_1__t15_finset_1.p #%# RamParIls #%# Theorem, 0.010412158999812324, 20
[    5.72s] solver: 3dd7d22896b1f695 @ finset_1__t15_finset_1.p #%# RamParIls #%# Theorem, 0.008503716002732982, 18
[    5.72s] solver: 773c8f85a402c832 @ finset_1__t15_finset_1.p #%# RamParIls #%# Theorem, 0.00887743000192195, 18
[    5.73s] solver: 3dd7d22896b1f695 @ finset_1__t13_finset_1.p #%# RamParIls #%# Theorem, 0.005531160004607868, 15
[    5.75s] solver: c9efd4ba06c26137 @ finset_1__t13_finset_1.p #%# RamParIls #%# Theorem, 0.009065848002212122, 19
[    5.75s] solver: c9efd4ba06c26137 @ finset_1__t15_finset_1.p #%# RamParIls #%# Theorem, 0.006421130003551953, 16
[    5.78s] solver: 2f02bd8b6b33c946 @ finset_1__t13_finset_1.p #%# RamParIls #%# UNKNOWN, 1, 10000000
[    5.78s] solver: 474fe87ba355edfd @ finset_1__t13_finset_1.p #%# RamParIls #%# Theorem, 0.004637974999015686, 14
[    5.79s] solver: f4ffd9399fa76c44 @ finset_1__t13_finset_1.p #%# RamParIls #%# Theorem, 0.011361742995417212, 21
[    5.81s] solver: 474fe87ba355edfd @ finset_1__t15_finset_1.p #%# RamParIls #%# Theorem, 0.00851489099983126, 18
[    5.83s] solver: 2f02bd8b6b33c946 @ finset_1__t15_finset_1.p #%# RamParIls #%# UNKNOWN, 1, 10000000
[    5.84s] solver: 9cefa5a8ad3b4306 @ finset_1__t13_finset_1.p #%# RamParIls #%# Theorem, 0.0073454190061166885, 17
[    5.85s] solver: 9cefa5a8ad3b4306 @ finset_1__t15_finset_1.p #%# RamParIls #%# Theorem, 0.004485765001519583, 14
[    5.85s] solver: 1c21721f8ed0528f @ finset_1__t15_finset_1.p #%# RamParIls #%# Theorem, 0.0038515760024166665, 13
[    5.86s] solver: 318d8a1940e594cb @ finset_1__t13_finset_1.p #%# RamParIls #%# Theorem, 0.009009384004459716, 19
[    5.87s] solver: fa9c248b0d819ca2 @ finset_1__t13_finset_1.p #%# RamParIls #%# Theorem, 0.005521077997317538, 15
[    5.87s] solver: 1c21721f8ed0528f @ finset_1__t13_finset_1.p #%# RamParIls #%# Theorem, 0.011332312000189908, 21
[    5.87s] solver: 318d8a1940e594cb @ finset_1__t15_finset_1.p #%# RamParIls #%# Theorem, 0.0037620140006411826, 13
[    5.89s] solver: fa9c248b0d819ca2 @ finset_1__t15_finset_1.p #%# RamParIls #%# Theorem, 0.0085628120011664, 18
[    5.90s] solver: d6f0537b027ad5ed @ finset_1__t15_finset_1.p #%# RamParIls #%# Theorem, 0.006898762998797466, 16
[    5.90s] solver: d6f0537b027ad5ed @ finset_1__t13_finset_1.p #%# RamParIls #%# Theorem, 0.005190878001390956, 15
[    5.92s] solver: f4ffd9399fa76c44 @ finset_1__t15_finset_1.p #%# RamParIls #%# Theorem, 0.009328862997671123, 19
[    5.96s] solver: ae13835918f0bd5a @ finset_1__t15_finset_1.p #%# RamParIls #%# Theorem, 0.009657043002007995, 19
[    5.97s] solver: ae13835918f0bd5a @ finset_1__t13_finset_1.p #%# RamParIls #%# Theorem, 0.012762315999960992, 22
[    5.98s] solver: 8bfdcd4f8b78c79b @ finset_1__t13_finset_1.p #%# RamParIls #%# Theorem, 0.008986314996964298, 18
[    5.98s] solver: 8bfdcd4f8b78c79b @ finset_1__t15_finset_1.p #%# RamParIls #%# Theorem, 0.009066854001604951, 19
[    5.98s] solver: e79b447cb4783436 @ finset_1__t13_finset_1.p #%# RamParIls #%# Theorem, 0.005706103997912258, 15
[    6.00s] solver: b00ea18d64d83217 @ finset_1__t15_finset_1.p #%# RamParIls #%# Theorem, 0.006204800004097168, 16
[    6.03s] solver: fb5ab0a7b40be301 @ finset_1__t15_finset_1.p #%# RamParIls #%# Theorem, 0.0062264370034043675, 16
[    6.03s] solver: b00ea18d64d83217 @ finset_1__t13_finset_1.p #%# RamParIls #%# Theorem, 0.006968766004057601, 16
[    6.04s] solver: e79b447cb4783436 @ finset_1__t15_finset_1.p #%# RamParIls #%# Theorem, 0.003955822997031268, 13
[    6.06s] solver: fb5ab0a7b40be301 @ finset_1__t13_finset_1.p #%# RamParIls #%# Theorem, 0.010005190002115909, 20
[    6.07s] solver: 081000b69808396f @ finset_1__t13_finset_1.p #%# RamParIls #%# Theorem, 0.006464602998755873, 16
[    6.10s] solver: abb2166e4b4892ce @ finset_1__t13_finset_1.p #%# RamParIls #%# Theorem, 0.006608981002093293, 16
[    6.10s] solver: f0522310a4c30910 @ finset_1__t15_finset_1.p #%# RamParIls #%# Theorem, 0.008168547997288871, 18
[    6.10s] solver: abb2166e4b4892ce @ finset_1__t15_finset_1.p #%# RamParIls #%# Theorem, 0.00769633300509816, 17
[    6.11s] solver: dd2b6ceb7c004098 @ finset_1__t15_finset_1.p #%# RamParIls #%# Theorem, 0.01112736199742416, 21
[    6.13s] solver: f100896794793015 @ finset_1__t15_finset_1.p #%# RamParIls #%# Theorem, 0.008785351999512407, 18
[    6.13s] solver: f100896794793015 @ finset_1__t13_finset_1.p #%# RamParIls #%# Theorem, 0.009175198999485467, 19
[    6.14s] solver: dd2b6ceb7c004098 @ finset_1__t13_finset_1.p #%# RamParIls #%# Theorem, 0.009951230000481474, 19
[    6.16s] solver: 081000b69808396f @ finset_1__t15_finset_1.p #%# RamParIls #%# Theorem, 0.004797225998566952, 14
[    6.17s] solver: f0522310a4c30910 @ finset_1__t13_finset_1.p #%# RamParIls #%# Theorem, 0.005073037998814136, 15
[    6.18s] solver: 4450971a0d9211ee @ finset_1__t13_finset_1.p #%# RamParIls #%# Theorem, 0.007319075002813247, 17
[    6.18s] solver: 4450971a0d9211ee @ finset_1__t15_finset_1.p #%# RamParIls #%# Theorem, 0.011693324997725432, 21
[    6.21s] solver: 559c414a9fc0bc7a @ finset_1__t15_finset_1.p #%# RamParIls #%# Theorem, 0.007365248994167894, 17
[    6.21s] solver: 559c414a9fc0bc7a @ finset_1__t13_finset_1.p #%# RamParIls #%# Theorem, 0.0075835270026531065, 17
[    6.21s] solver: 3264ea6aaf4a8718 @ finset_1__t15_finset_1.p #%# RamParIls #%# Theorem, 0.00837518800052302, 18
[    6.23s] solver: 143ab321ea4fe501 @ finset_1__t15_finset_1.p #%# RamParIls #%# Theorem, 0.007261152999691665, 17
[    6.24s] solver: 3264ea6aaf4a8718 @ finset_1__t13_finset_1.p #%# RamParIls #%# Theorem, 0.006785008999901358, 16
[    6.26s] solver: 0499a7b1ff49bc32 @ finset_1__t13_finset_1.p #%# RamParIls #%# Theorem, 0.005491675996786915, 15
[    6.27s] solver: 78dcccea4b047c83 @ finset_1__t13_finset_1.p #%# RamParIls #%# Theorem, 0.008523627000967506, 18
[    6.27s] solver: 143ab321ea4fe501 @ finset_1__t13_finset_1.p #%# RamParIls #%# Theorem, 0.007889419000415131, 17
[    6.30s] solver: 0499a7b1ff49bc32 @ finset_1__t15_finset_1.p #%# RamParIls #%# Theorem, 0.004295773997211363, 14
[    6.30s] solver: 78dcccea4b047c83 @ finset_1__t15_finset_1.p #%# RamParIls #%# Theorem, 0.012433223004289902, 22
[    6.32s] solver: 769ca4ae9cbcedfb @ finset_1__t13_finset_1.p #%# RamParIls #%# Theorem, 0.00801839800397167, 18
[    6.33s] solver: c756891bf23be612 @ finset_1__t13_finset_1.p #%# RamParIls #%# Theorem, 0.004697198998070322, 14
[    6.34s] solver: 97b8758633f93eb2 @ finset_1__t13_finset_1.p #%# RamParIls #%# Theorem, 0.008565825001838152, 18
[    6.34s] solver: c756891bf23be612 @ finset_1__t15_finset_1.p #%# RamParIls #%# Theorem, 0.006726063999049832, 16
[    6.37s] solver: 1a1a7b50eba0993b @ finset_1__t13_finset_1.p #%# RamParIls #%# Theorem, 0.01057881799472915, 20
[    6.38s] solver: 769ca4ae9cbcedfb @ finset_1__t15_finset_1.p #%# RamParIls #%# Theorem, 0.0074227519978829655, 17
[    6.38s] solver: 97b8758633f93eb2 @ finset_1__t15_finset_1.p #%# RamParIls #%# Theorem, 0.011711716999758967, 21
[    6.40s] solver: 9acc4389ac8a87c4 @ finset_1__t15_finset_1.p #%# RamParIls #%# Theorem, 0.009677055001192727, 19
[    6.40s] solver: 9acc4389ac8a87c4 @ finset_1__t13_finset_1.p #%# RamParIls #%# Theorem, 0.010335580002330709, 20
[    6.41s] solver: 1a1a7b50eba0993b @ finset_1__t15_finset_1.p #%# RamParIls #%# Theorem, 0.006681532000697218, 16
[    6.43s] solver: 4478385876e93ec5 @ finset_1__t13_finset_1.p #%# RamParIls #%# Theorem, 0.007628553998235614, 17
[    6.43s] solver: 3e8773ae5d523f31 @ finset_1__t13_finset_1.p #%# RamParIls #%# Theorem, 0.00521634300088929, 15
[    6.45s] solver: 4478385876e93ec5 @ finset_1__t15_finset_1.p #%# RamParIls #%# Theorem, 0.012530033999793697, 22
[    6.45s] solver: 3e8773ae5d523f31 @ finset_1__t15_finset_1.p #%# RamParIls #%# Theorem, 0.004489005996472668, 14
[    6.46s] solver: 4f8dd8262db05f25 @ finset_1__t15_finset_1.p #%# RamParIls #%# Theorem, 0.006798781000573188, 16
[    6.46s] solver: 4f8dd8262db05f25 @ finset_1__t13_finset_1.p #%# RamParIls #%# Theorem, 0.00448423199631786, 14
[    6.50s] solver: 453ed13b9fa13fdc @ finset_1__t13_finset_1.p #%# RamParIls #%# Theorem, 0.011138371001025197, 21
[    6.51s] solver: 52e1a90e4cf89ed8 @ finset_1__t15_finset_1.p #%# RamParIls #%# Theorem, 0.00785543299567746, 17
[    6.53s] solver: 4848c0e4dbdc1eca @ finset_1__t15_finset_1.p #%# RamParIls #%# Theorem, 0.01085833000371745, 20
[    6.53s] solver: 453ed13b9fa13fdc @ finset_1__t15_finset_1.p #%# RamParIls #%# Theorem, 0.009683438998914324, 19
[    6.53s] solver: 1f98f63c29b7066a @ finset_1__t13_finset_1.p #%# RamParIls #%# Theorem, 0.006062848998615984, 16
[    6.55s] solver: 52e1a90e4cf89ed8 @ finset_1__t13_finset_1.p #%# RamParIls #%# Theorem, 0.006239583002862521, 16
[    6.56s] solver: 4848c0e4dbdc1eca @ finset_1__t13_finset_1.p #%# RamParIls #%# Theorem, 0.007136995006641839, 17
[    6.58s] solver: 68dc337707bbdc55 @ finset_1__t13_finset_1.p #%# RamParIls #%# Theorem, 0.008671432002489921, 18
[    6.59s] solver: 68dc337707bbdc55 @ finset_1__t15_finset_1.p #%# RamParIls #%# Theorem, 0.0076761260014185685, 17
[    6.60s] solver: 1f98f63c29b7066a @ finset_1__t15_finset_1.p #%# RamParIls #%# Theorem, 0.006781718002046924, 16
[    6.61s] solver: 740ee6b82e29002f @ finset_1__t13_finset_1.p #%# RamParIls #%# Theorem, 0.007860062998319511, 17
[    6.63s] solver: 740ee6b82e29002f @ finset_1__t15_finset_1.p #%# RamParIls #%# Theorem, 0.007443695005812216, 17
[    6.65s] solver: 09c72c5b1869afc6 @ finset_1__t15_finset_1.p #%# RamParIls #%# Theorem, 0.0070343609993793075, 17
[    6.65s] solver: 09c72c5b1869afc6 @ finset_1__t13_finset_1.p #%# RamParIls #%# Theorem, 0.009038505001729355, 19
[    6.65s] solver: 737eb41bb62729b5 @ finset_1__t13_finset_1.p #%# RamParIls #%# Theorem, 0.007971248002198525, 17
[    6.66s] solver: 737eb41bb62729b5 @ finset_1__t15_finset_1.p #%# RamParIls #%# Theorem, 0.00746239899568446, 17
[    6.67s] solver: 3154bf915e565430 @ finset_1__t13_finset_1.p #%# RamParIls #%# Theorem, 0.005687012002599891, 15
[    6.69s] solver: 27880f493a722d6a @ finset_1__t15_finset_1.p #%# RamParIls #%# Theorem, 0.014940819999115076, 24
[    6.71s] solver: 3154bf915e565430 @ finset_1__t15_finset_1.p #%# RamParIls #%# Theorem, 0.0063098170005702415, 16
[    6.71s] solver: 27880f493a722d6a @ finset_1__t13_finset_1.p #%# RamParIls #%# Theorem, 0.011342311997627839, 21
[    6.71s] solver: b213c40a28ba0331 @ finset_1__t15_finset_1.p #%# RamParIls #%# Theorem, 0.003803636001532432, 13
[    6.71s] solver: b213c40a28ba0331 @ finset_1__t13_finset_1.p #%# RamParIls #%# Theorem, 0.005643958003686741, 15
[    6.74s] solver: 897cc0c5f46d1762 @ finset_1__t13_finset_1.p #%# RamParIls #%# Theorem, 0.007908145999366418, 17
[    6.76s] solver: d99a45ee28661f63 @ finset_1__t13_finset_1.p #%# RamParIls #%# Theorem, 0.005395388001327869, 15
[    6.76s] solver: 92feef174a611cd2 @ finset_1__t13_finset_1.p #%# RamParIls #%# Theorem, 0.0045322389986179774, 14
[    6.78s] solver: 897cc0c5f46d1762 @ finset_1__t15_finset_1.p #%# RamParIls #%# Theorem, 0.007210507993481588, 17
[    6.78s] solver: c89f51dcd7a15c1e @ finset_1__t13_finset_1.p #%# RamParIls #%# Theorem, 0.004830570997340139, 14
[    6.79s] solver: 92feef174a611cd2 @ finset_1__t15_finset_1.p #%# RamParIls #%# Theorem, 0.011376955003162846, 21
[    6.82s] solver: d99a45ee28661f63 @ finset_1__t15_finset_1.p #%# RamParIls #%# Theorem, 0.00936351599782193, 19
[    6.84s] solver: 72d5d430d1024ed5 @ finset_1__t13_finset_1.p #%# RamParIls #%# Theorem, 0.015657036004818044, 25
[    6.84s] solver: 72d5d430d1024ed5 @ finset_1__t15_finset_1.p #%# RamParIls #%# Theorem, 0.005530267001234461, 15
[    6.86s] solver: c89f51dcd7a15c1e @ finset_1__t15_finset_1.p #%# RamParIls #%# Theorem, 0.010179128000631928, 20
[    6.88s] solver: 32565d76533092c1 @ finset_1__t13_finset_1.p #%# RamParIls #%# Theorem, 0.008424891003760045, 18
[    6.89s] solver: 25a0d80d9f23a916 @ finset_1__t15_finset_1.p #%# RamParIls #%# Theorem, 0.005662649997677188, 15
[    6.90s] solver: 32565d76533092c1 @ finset_1__t15_finset_1.p #%# RamParIls #%# Theorem, 0.008464802002685144, 18
[    6.90s] solver: 1d27f69aedac1e72 @ finset_1__t13_finset_1.p #%# RamParIls #%# Theorem, 0.008155021997444332, 18
[    6.91s] solver: 25a0d80d9f23a916 @ finset_1__t13_finset_1.p #%# RamParIls #%# Theorem, 0.01273575800014427, 22
[    6.92s] solver: f5be99fc1f94396a @ finset_1__t13_finset_1.p #%# RamParIls #%# Theorem, 0.006068190001298208, 16
[    6.96s] solver: d05c11ee1105ec77 @ finset_1__t13_finset_1.p #%# RamParIls #%# Theorem, 0.0046832080067698845, 14
[    6.96s] solver: 2d1298a613628a14 @ finset_1__t15_finset_1.p #%# RamParIls #%# Theorem, 0.006360381996646989, 16
[    6.96s] solver: d05c11ee1105ec77 @ finset_1__t15_finset_1.p #%# RamParIls #%# Theorem, 0.009716700001921971, 19
[    6.97s] solver: f5be99fc1f94396a @ finset_1__t15_finset_1.p #%# RamParIls #%# Theorem, 0.01172676500394242, 21
[    6.98s] solver: 16d32612d224ce1d @ finset_1__t15_finset_1.p #%# RamParIls #%# Theorem, 0.011041525003795512, 21
[    6.98s] solver: 1d27f69aedac1e72 @ finset_1__t15_finset_1.p #%# RamParIls #%# Theorem, 0.004195210003372748, 14
[    6.99s] solver: 1974aa930d22f11f @ finset_1__t13_finset_1.p #%# RamParIls #%# Theorem, 0.005955032998961862, 15
[    7.01s] solver: 2d1298a613628a14 @ finset_1__t13_finset_1.p #%# RamParIls #%# Theorem, 0.006828550998155493, 16
[    7.01s] solver: 9e11b3d87af1d3b2 @ finset_1__t15_finset_1.p #%# RamParIls #%# Theorem, 0.005858602000800893, 15
[    7.01s] solver: 1974aa930d22f11f @ finset_1__t15_finset_1.p #%# RamParIls #%# Theorem, 0.004824335999712813, 14
[    7.04s] solver: 9e11b3d87af1d3b2 @ finset_1__t13_finset_1.p #%# RamParIls #%# Theorem, 0.00926891400013119, 19
[    7.04s] solver: 16d32612d224ce1d @ finset_1__t13_finset_1.p #%# RamParIls #%# Theorem, 0.009238107006185688, 19
[    7.08s] solver: b9b1c10c409c2587 @ finset_1__t15_finset_1.p #%# RamParIls #%# Theorem, 0.006638553999713156, 16
[    7.09s] solver: b9b1c10c409c2587 @ finset_1__t13_finset_1.p #%# RamParIls #%# Theorem, 0.007775889999588486, 17
[    7.09s] solver: 811787f91deeaebd @ finset_1__t13_finset_1.p #%# RamParIls #%# Theorem, 0.004543491000158247, 14
[    7.13s] solver: ad9a0f900579c2fb @ finset_1__t13_finset_1.p #%# RamParIls #%# Theorem, 0.010689186001716647, 20
[    7.14s] solver: 811787f91deeaebd @ finset_1__t15_finset_1.p #%# RamParIls #%# Theorem, 0.005524057994840667, 15
[    7.15s] solver: 2696e64356a64407 @ finset_1__t13_finset_1.p #%# RamParIls #%# Theorem, 0.006493618999027182, 16
[    7.16s] solver: 8a55f29b20302875 @ finset_1__t13_finset_1.p #%# RamParIls #%# Theorem, 0.005400123998681549, 15
[    7.16s] solver: 2696e64356a64407 @ finset_1__t15_finset_1.p #%# RamParIls #%# Theorem, 0.0038750530053190888, 13
[    7.17s] solver: 8a55f29b20302875 @ finset_1__t15_finset_1.p #%# RamParIls #%# Theorem, 0.01764149800146697, 27
[    7.20s] solver: cf10152347677ef1 @ finset_1__t15_finset_1.p #%# RamParIls #%# Theorem, 0.004755738999788649, 14
[    7.20s] solver: 118617b19786acd0 @ finset_1__t13_finset_1.p #%# RamParIls #%# Theorem, 0.006076665997392499, 16
[    7.20s] solver: ad9a0f900579c2fb @ finset_1__t15_finset_1.p #%# RamParIls #%# Theorem, 0.009092773001333234, 19
[    7.21s] solver: 118617b19786acd0 @ finset_1__t15_finset_1.p #%# RamParIls #%# Theorem, 0.006375872003334575, 16
[    7.22s] solver: cf10152347677ef1 @ finset_1__t13_finset_1.p #%# RamParIls #%# Theorem, 0.006790763000233099, 16
[    7.22s] solver: 6c1212ec014ccbf7 @ finset_1__t13_finset_1.p #%# RamParIls #%# Theorem, 0.0051109089947263715, 15
[    7.22s] solver: 6c1212ec014ccbf7 @ finset_1__t15_finset_1.p #%# RamParIls #%# Theorem, 0.006866907997678966, 16
[    7.24s] solver: d19d50eb87c14d83 @ finset_1__t13_finset_1.p #%# RamParIls #%# Theorem, 0.00826078299813019, 18
[    7.25s] solver: 97962e53a8c2ac29 @ finset_1__t13_finset_1.p #%# RamParIls #%# Theorem, 0.020055065000454897, 30
[    7.27s] solver: d19d50eb87c14d83 @ finset_1__t15_finset_1.p #%# RamParIls #%# Theorem, 0.00811709000019543, 18
[    7.28s] solver: 97962e53a8c2ac29 @ finset_1__t15_finset_1.p #%# RamParIls #%# Theorem, 0.014354392995731439, 24
[    7.30s] solver: 44d7701e16f6ca89 @ finset_1__t15_finset_1.p #%# RamParIls #%# Theorem, 0.008367914001702796, 18
[    7.33s] solver: 94ce98b676e0ccc4 @ finset_1__t15_finset_1.p #%# RamParIls #%# Theorem, 0.011346655995939859, 21
[    7.34s] solver: 94ce98b676e0ccc4 @ finset_1__t13_finset_1.p #%# RamParIls #%# Theorem, 0.011659230005841237, 21
[    7.37s] solver: f0756b920a26995b @ finset_1__t13_finset_1.p #%# RamParIls #%# Theorem, 0.006972863004593179, 16
[    7.37s] solver: 093394fded4d6576 @ finset_1__t13_finset_1.p #%# RamParIls #%# Theorem, 0.009962211001201534, 19
[    7.39s] solver: 44d7701e16f6ca89 @ finset_1__t13_finset_1.p #%# RamParIls #%# Theorem, 0.007305439000458457, 17
[    7.39s] solver: f641c2f0039305b2 @ finset_1__t15_finset_1.p #%# RamParIls #%# Theorem, 0.007432174998568837, 17
[    7.41s] solver: 249527a3b0228b47 @ finset_1__t13_finset_1.p #%# RamParIls #%# Theorem, 0.01040286900063092, 20
[    7.41s] solver: f0756b920a26995b @ finset_1__t15_finset_1.p #%# RamParIls #%# Theorem, 0.006346815999237355, 16
[    7.41s] solver: f641c2f0039305b2 @ finset_1__t13_finset_1.p #%# RamParIls #%# Theorem, 0.0057299639989244755, 15
[    7.42s] solver: 093394fded4d6576 @ finset_1__t15_finset_1.p #%# RamParIls #%# Theorem, 0.011252891004226636, 21
[    7.42s] solver: 448dd8d4e4fc9688 @ finset_1__t13_finset_1.p #%# RamParIls #%# Theorem, 0.010215255001759157, 20
[    7.44s] solver: 249527a3b0228b47 @ finset_1__t15_finset_1.p #%# RamParIls #%# Theorem, 0.010148825999300462, 20
[    7.46s] solver: 448dd8d4e4fc9688 @ finset_1__t15_finset_1.p #%# RamParIls #%# Theorem, 0.00852293500051694, 18
[    7.46s] solver: 4376d819d9743ce7 @ finset_1__t13_finset_1.p #%# RamParIls #%# Theorem, 0.008808195001268294, 18
[    7.46s] solver: 49f966adfe58cbfa @ finset_1__t15_finset_1.p #%# RamParIls #%# Theorem, 0.007130916005061474, 17
[    7.47s] solver: 49f966adfe58cbfa @ finset_1__t13_finset_1.p #%# RamParIls #%# Theorem, 0.011059513997720555, 21
[    7.48s] solver: 4376d819d9743ce7 @ finset_1__t15_finset_1.p #%# RamParIls #%# Theorem, 0.011029844999774826, 21
[    7.50s] solver: c019506d4466c4aa @ finset_1__t13_finset_1.p #%# RamParIls #%# Theorem, 0.006939321999759413, 16
[    7.52s] solver: 4e3dabb05a703348 @ finset_1__t15_finset_1.p #%# RamParIls #%# Theorem, 0.007668967000175733, 17
[    7.52s] solver: 4e3dabb05a703348 @ finset_1__t13_finset_1.p #%# RamParIls #%# Theorem, 0.004723107001805679, 14
[    7.53s] solver: c019506d4466c4aa @ finset_1__t15_finset_1.p #%# RamParIls #%# Theorem, 0.007934904999888968, 17
[    7.57s] solver: d4a6aced1d3eadce @ finset_1__t13_finset_1.p #%# RamParIls #%# Theorem, 0.0061484500007038005, 16
[    7.58s] solver: 6b487a3db83ebd88 @ finset_1__t13_finset_1.p #%# RamParIls #%# Theorem, 0.011708795998980757, 21
[    7.60s] solver: e74649bfb048833b @ finset_1__t13_finset_1.p #%# RamParIls #%# Theorem, 0.008467849002057687, 18
[    7.62s] solver: e74649bfb048833b @ finset_1__t15_finset_1.p #%# RamParIls #%# Theorem, 0.006382124003674835, 16
[    7.63s] solver: d4a6aced1d3eadce @ finset_1__t15_finset_1.p #%# RamParIls #%# Theorem, 0.005676743002909236, 15
[    7.63s] solver: 98bdbeb6cfc74017 @ finset_1__t15_finset_1.p #%# RamParIls #%# Theorem, 0.0036645750018456024, 13
[    7.64s] solver: 917ef28ad0023cff @ finset_1__t13_finset_1.p #%# RamParIls #%# Theorem, 0.006580119995021727, 16
[    7.65s] solver: 98bdbeb6cfc74017 @ finset_1__t13_finset_1.p #%# RamParIls #%# Theorem, 0.004953528001831844, 14
[    7.65s] solver: 997d1d05de884583 @ finset_1__t13_finset_1.p #%# RamParIls #%# Theorem, 0.008696545998977498, 18
[    7.66s] solver: 6b487a3db83ebd88 @ finset_1__t15_finset_1.p #%# RamParIls #%# Theorem, 0.009163342000558973, 19
[    7.66s] solver: 74d37200c1241d83 @ finset_1__t13_finset_1.p #%# RamParIls #%# Theorem, 0.004670829000332393, 14
[    7.67s] solver: 997d1d05de884583 @ finset_1__t15_finset_1.p #%# RamParIls #%# Theorem, 0.00843666400272539, 18
[    7.69s] solver: 917ef28ad0023cff @ finset_1__t15_finset_1.p #%# RamParIls #%# Theorem, 0.007210481996702962, 17
[    7.70s] solver: ca0aa443be7e882b @ finset_1__t13_finset_1.p #%# RamParIls #%# Theorem, 0.006600133998245002, 16
[    7.70s] solver: f38b5bfbc07fcc6a @ finset_1__t15_finset_1.p #%# RamParIls #%# Theorem, 0.0072488850043066775, 17
[    7.72s] solver: 74d37200c1241d83 @ finset_1__t15_finset_1.p #%# RamParIls #%# Theorem, 0.013749119000338018, 23
[    7.73s] solver: 197ca98eb0203d82 @ finset_1__t13_finset_1.p #%# RamParIls #%# Theorem, 0.0067071349996956995, 16
[    7.74s] solver: f38b5bfbc07fcc6a @ finset_1__t13_finset_1.p #%# RamParIls #%# Theorem, 0.009544771995763295, 19
[    7.75s] solver: ca0aa443be7e882b @ finset_1__t15_finset_1.p #%# RamParIls #%# Theorem, 0.0080259379967344, 18
[    7.78s] solver: 197ca98eb0203d82 @ finset_1__t15_finset_1.p #%# RamParIls #%# Theorem, 0.010232491001627408, 20
[    7.79s] solver: 5b855dc6fa2c2fb4 @ finset_1__t15_finset_1.p #%# RamParIls #%# Theorem, 0.009254481003174093, 19
[    7.80s] solver: 5b855dc6fa2c2fb4 @ finset_1__t13_finset_1.p #%# RamParIls #%# Theorem, 0.00812267699399544, 18
[    7.80s] solver: 46ada897b0e57637 @ finset_1__t13_finset_1.p #%# RamParIls #%# Theorem, 0.009365690995391925, 19
[    7.82s] solver: 46ada897b0e57637 @ finset_1__t15_finset_1.p #%# RamParIls #%# Theorem, 0.009729461999086197, 19
[    7.85s] solver: c9b11224ad1c1272 @ finset_1__t15_finset_1.p #%# RamParIls #%# Theorem, 0.00679063199685514, 16
[    7.86s] solver: c9b11224ad1c1272 @ finset_1__t13_finset_1.p #%# RamParIls #%# Theorem, 0.006864927999909502, 16
[    7.86s] solver: 868dff2d02bfb3e5 @ finset_1__t13_finset_1.p #%# RamParIls #%# Theorem, 0.008176536001774017, 18
[    7.87s] solver: 38203901333d901c @ finset_1__t15_finset_1.p #%# RamParIls #%# Theorem, 0.010220978002095128, 20
[    7.90s] solver: 868dff2d02bfb3e5 @ finset_1__t15_finset_1.p #%# RamParIls #%# Theorem, 0.0074537029950083235, 17
[    7.90s] solver: 38203901333d901c @ finset_1__t13_finset_1.p #%# RamParIls #%# Theorem, 0.011753447999424767, 21
[    7.91s] solver: 7ddfb4ad4b713aca @ finset_1__t13_finset_1.p #%# RamParIls #%# Theorem, 0.006764257998307701, 16
[    7.92s] solver: 7ddfb4ad4b713aca @ finset_1__t15_finset_1.p #%# RamParIls #%# Theorem, 0.007460268002462108, 17
[    7.92s] solver: 0dfccd06f9986268 @ finset_1__t15_finset_1.p #%# RamParIls #%# Theorem, 0.007573292997464072, 17
[    7.94s] solver: 5cea050de68bd0e9 @ finset_1__t13_finset_1.p #%# RamParIls #%# Theorem, 0.005806499997078441, 15
[    7.95s] solver: 32eb3134f055d14b @ finset_1__t15_finset_1.p #%# RamParIls #%# Theorem, 0.005776650995778386, 15
[    7.97s] solver: 0dfccd06f9986268 @ finset_1__t13_finset_1.p #%# RamParIls #%# Theorem, 0.012514598002723884, 22
[    7.99s] solver: 5c8dbc9b4d8fadac @ finset_1__t13_finset_1.p #%# RamParIls #%# Theorem, 0.008577509997101034, 18
[    8.00s] solver: 0c858cee8b2a97fa @ finset_1__t13_finset_1.p #%# RamParIls #%# Theorem, 0.008491159005064983, 18
[    8.00s] solver: 32eb3134f055d14b @ finset_1__t13_finset_1.p #%# RamParIls #%# Theorem, 0.005365145999471657, 15
[    8.00s] solver: 5cea050de68bd0e9 @ finset_1__t15_finset_1.p #%# RamParIls #%# Theorem, 0.007160520000775811, 17
[    8.00s] solver: 5c8dbc9b4d8fadac @ finset_1__t15_finset_1.p #%# RamParIls #%# Theorem, 0.005657497996092774, 15
[    8.01s] solver: 0c858cee8b2a97fa @ finset_1__t15_finset_1.p #%# RamParIls #%# Theorem, 0.0099810190043631, 19
[    8.03s] solver: 2451fcc2aae788e4 @ finset_1__t13_finset_1.p #%# RamParIls #%# Theorem, 0.006682741998903454, 16
[    8.05s] solver: 2451fcc2aae788e4 @ finset_1__t15_finset_1.p #%# RamParIls #%# Theorem, 0.007898800998956897, 17
[    8.05s] solver: 34f3b5f3d5bde748 @ finset_1__t13_finset_1.p #%# RamParIls #%# Theorem, 0.004072108999322168, 14
[    8.05s] solver: 34f3b5f3d5bde748 @ finset_1__t15_finset_1.p #%# RamParIls #%# Theorem, 0.003377200999838766, 13
[    8.06s] solver: 52a59c02834192f9 @ finset_1__t13_finset_1.p #%# RamParIls #%# Theorem, 0.00360108599795308, 13
[    8.07s] solver: 85e1cbe2790ab68c @ finset_1__t13_finset_1.p #%# RamParIls #%# Theorem, 0.004457595999421086, 14
[    8.08s] solver: 52a59c02834192f9 @ finset_1__t15_finset_1.p #%# RamParIls #%# Theorem, 0.0044212140013081954, 14
[    8.09s] solver: 651cd6d494b4cd92 @ finset_1__t13_finset_1.p #%# RamParIls #%# Theorem, 0.005809261005197186, 15
[    8.09s] solver: ca70007ed327d6a0 @ finset_1__t13_finset_1.p #%# RamParIls #%# Theorem, 0.00550532999826083, 15
[    8.11s] solver: ca70007ed327d6a0 @ finset_1__t15_finset_1.p #%# RamParIls #%# Theorem, 0.003652393997371197, 13
[    8.11s] solver: 85e1cbe2790ab68c @ finset_1__t15_finset_1.p #%# RamParIls #%# Theorem, 0.004467705001516268, 14
[    8.12s] solver: 651cd6d494b4cd92 @ finset_1__t15_finset_1.p #%# RamParIls #%# Theorem, 0.0020841640037256295, 12
[    8.13s] solver: 7fb3830260d6695c @ finset_1__t13_finset_1.p #%# RamParIls #%# Theorem, 0.0034030690060015767, 13
[    8.15s] solver: a97467341990e988 @ finset_1__t13_finset_1.p #%# RamParIls #%# UNKNOWN, 1, 10000000
[    8.15s] eval: reset
[    8.15s] ils: bls neighborhood=132 instances=2 incumbent=14.500000
[    8.15s] eval: submitted tasks=264 hits=0 misses=264
[    8.16s] solver: 7fb3830260d6695c @ finset_1__t15_finset_1.p #%# RamParIls #%# Theorem, 0.004279816002548672, 14
[    8.21s] solver: a97467341990e988 @ finset_1__t15_finset_1.p #%# RamParIls #%# UNKNOWN, 1, 10000000
[    8.39s] solver: 7f9ccf36a4d8e241 @ finset_1__t15_finset_1.p #%# RamParIls #%# Theorem, 0.007864921004123986, 17
[    8.41s] solver: 6dff0d260012b62f @ finset_1__t13_finset_1.p #%# RamParIls #%# UNKNOWN, 1, 10000000
[    8.41s] solver: cacdfebe017827ac @ finset_1__t15_finset_1.p #%# RamParIls #%# UNKNOWN, 1, 10000000
[    8.41s] solver: 7467a228c44b8865 @ finset_1__t13_finset_1.p #%# RamParIls #%# UNKNOWN, 1, 10000000
[    8.41s] solver: b9ac887d84001eab @ finset_1__t15_finset_1.p #%# RamParIls #%# UNKNOWN, 1, 10000000
[    8.41s] solver: ef9b0900f7872278 @ finset_1__t13_finset_1.p #%# RamParIls #%# UNKNOWN, 1, 10000000
[    8.42s] solver: 455276e82da4f6b5 @ finset_1__t13_finset_1.p #%# RamParIls #%# UNKNOWN, 1, 10000000
[    8.42s] solver: cacdfebe017827ac @ finset_1__t13_finset_1.p #%# RamParIls #%# UNKNOWN, 1, 10000000
[    8.42s] solver: ef21965f8e85d1c7 @ finset_1__t13_finset_1.p #%# RamParIls #%# UNKNOWN, 1, 10000000
[    8.42s] solver: ef21965f8e85d1c7 @ finset_1__t15_finset_1.p #%# RamParIls #%# UNKNOWN, 1, 10000000
[    8.43s] solver: 7f9ccf36a4d8e241 @ finset_1__t13_finset_1.p #%# RamParIls #%# Theorem, 0.010315986996907741, 20
[    8.43s] eval: reset
[    8.43s] ils: bls improvement neighbor=5 score=18.500000 (was 10000000.000000)
[    8.44s] solver: 0404ec89383c2dcf @ finset_1__t13_finset_1.p #%# RamParIls #%# UNKNOWN, 1, 10000000
[    8.44s] eval: submitted tasks=264 hits=2 misses=262
[    8.44s] solver: e4b49dc42fca7a66 @ finset_1__t15_finset_1.p #%# RamParIls #%# UNKNOWN, 1, 10000000
[    8.45s] solver: 0404ec89383c2dcf @ finset_1__t15_finset_1.p #%# RamParIls #%# UNKNOWN, 1, 10000000
[    8.45s] solver: 6dff0d260012b62f @ finset_1__t15_finset_1.p #%# RamParIls #%# UNKNOWN, 1, 10000000
[    8.46s] solver: 9812faf34e2e0fc1 @ finset_1__t13_finset_1.p #%# RamParIls #%# UNKNOWN, 1, 10000000
[    8.46s] solver: e4b49dc42fca7a66 @ finset_1__t13_finset_1.p #%# RamParIls #%# UNKNOWN, 1, 10000000
[    8.46s] solver: 455276e82da4f6b5 @ finset_1__t15_finset_1.p #%# RamParIls #%# UNKNOWN, 1, 10000000
[    8.46s] solver: b9ac887d84001eab @ finset_1__t13_finset_1.p #%# RamParIls #%# UNKNOWN, 1, 10000000
[    8.46s] solver: 7467a228c44b8865 @ finset_1__t15_finset_1.p #%# RamParIls #%# UNKNOWN, 1, 10000000
[    8.47s] solver: 9812faf34e2e0fc1 @ finset_1__t15_finset_1.p #%# RamParIls #%# UNKNOWN, 1, 10000000
[    8.49s] solver: ef9b0900f7872278 @ finset_1__t15_finset_1.p #%# RamParIls #%# UNKNOWN, 1, 10000000
[    8.66s] solver: 8226cadcdb45d327 @ finset_1__t15_finset_1.p #%# RamParIls #%# UNKNOWN, 1, 10000000
[    8.67s] solver: 60a0f108f382d902 @ finset_1__t15_finset_1.p #%# RamParIls #%# UNKNOWN, 1, 10000000
[    8.68s] solver: 8226cadcdb45d327 @ finset_1__t13_finset_1.p #%# RamParIls #%# UNKNOWN, 1, 10000000
[    8.68s] solver: 03dc5545d5c4b5a4 @ finset_1__t13_finset_1.p #%# RamParIls #%# UNKNOWN, 1, 10000000
[    8.68s] solver: d0c8894c29a66170 @ finset_1__t15_finset_1.p #%# RamParIls #%# UNKNOWN, 1, 10000000
[    8.68s] solver: 60a0f108f382d902 @ finset_1__t13_finset_1.p #%# RamParIls #%# UNKNOWN, 1, 10000000
[    8.69s] solver: e7a8bba49574e63e @ finset_1__t13_finset_1.p #%# RamParIls #%# UNKNOWN, 1, 10000000
[    8.70s] solver: d0c8894c29a66170 @ finset_1__t13_finset_1.p #%# RamParIls #%# UNKNOWN, 1, 10000000
[    8.70s] solver: f21168e78ce33807 @ finset_1__t13_finset_1.p #%# RamParIls #%# Theorem, 0.0068467430051094855, 16
[    8.70s] solver: e7a8bba49574e63e @ finset_1__t15_finset_1.p #%# RamParIls #%# UNKNOWN, 1, 10000000
[    8.71s] solver: 03dc5545d5c4b5a4 @ finset_1__t15_finset_1.p #%# RamParIls #%# UNKNOWN, 1, 10000000
[    8.72s] solver: 12f2c5ad834088bc @ finset_1__t15_finset_1.p #%# RamParIls #%# UNKNOWN, 1, 10000000
[    8.72s] solver: 3d99591426852027 @ finset_1__t13_finset_1.p #%# RamParIls #%# UNKNOWN, 1, 10000000
[    8.73s] solver: 12f2c5ad834088bc @ finset_1__t13_finset_1.p #%# RamParIls #%# UNKNOWN, 1, 10000000
[    8.73s] solver: f21168e78ce33807 @ finset_1__t15_finset_1.p #%# RamParIls #%# Theorem, 0.006769449999764562, 16
[    8.73s] solver: 541d3075429307ce @ finset_1__t13_finset_1.p #%# RamParIls #%# UNKNOWN, 1, 10000000
[    8.74s] eval: reset
[    8.74s] ils: bls improvement neighbor=18 score=16.000000 (was 18.500000)
[    8.74s] solver: bda1651ab88067d7 @ finset_1__t15_finset_1.p #%# RamParIls #%# UNKNOWN, 1, 10000000
[    8.75s] eval: submitted tasks=264 hits=2 misses=262
[    8.77s] solver: 04ecf0be7a0123bc @ finset_1__t15_finset_1.p #%# RamParIls #%# UNKNOWN, 1, 10000000
[    8.77s] solver: 541d3075429307ce @ finset_1__t15_finset_1.p #%# RamParIls #%# UNKNOWN, 1, 10000000
[    8.78s] solver: bda1651ab88067d7 @ finset_1__t13_finset_1.p #%# RamParIls #%# UNKNOWN, 1, 10000000
[    8.81s] solver: 3d99591426852027 @ finset_1__t15_finset_1.p #%# RamParIls #%# UNKNOWN, 1, 10000000
[    8.85s] solver: 04ecf0be7a0123bc @ finset_1__t13_finset_1.p #%# RamParIls #%# UNKNOWN, 1, 10000000
[    8.92s] solver: 4cf1178ec4265b12 @ finset_1__t15_finset_1.p #%# RamParIls #%# Theorem, 0.005751325001280289, 15
[    8.92s] solver: 4e9661538b51207b @ finset_1__t15_finset_1.p #%# RamParIls #%# UNKNOWN, 1, 10000000
[    8.93s] solver: 252822238ad06243 @ finset_1__t13_finset_1.p #%# RamParIls #%# UNKNOWN, 1, 10000000
[    8.96s] solver: 252822238ad06243 @ finset_1__t15_finset_1.p #%# RamParIls #%# UNKNOWN, 1, 10000000
[    8.96s] solver: f9a8d66e285bb1de @ finset_1__t13_finset_1.p #%# RamParIls #%# UNKNOWN, 1, 10000000
[    8.97s] solver: 4e9661538b51207b @ finset_1__t13_finset_1.p #%# RamParIls #%# UNKNOWN, 1, 10000000
[    8.97s] solver: 4cf1178ec4265b12 @ finset_1__t13_finset_1.p #%# RamParIls #%# Theorem, 0.007330601002429612, 17
[    8.97s] solver: 6a194f0cd70b219c @ finset_1__t15_finset_1.p #%# RamParIls #%# UNKNOWN, 1, 10000000
[    8.97s] solver: 6a194f0cd70b219c @ finset_1__t13_finset_1.p #%# RamParIls #%# UNKNOWN, 1, 10000000
[    8.98s] solver: 8782cca61c07d25d @ finset_1__t15_finset_1.p #%# RamParIls #%# UNKNOWN, 1, 10000000
[    8.99s] solver: 8782cca61c07d25d @ finset_1__t13_finset_1.p #%# RamParIls #%# UNKNOWN, 1, 10000000
[    9.00s] solver: 564dceeb4134d1d9 @ finset_1__t13_finset_1.p #%# RamParIls #%# UNKNOWN, 1, 10000000
[    9.00s] solver: 37e1565c074ef803 @ finset_1__t15_finset_1.p #%# RamParIls #%# UNKNOWN, 1, 10000000
[    9.02s] solver: 7a3c93253f170e3b @ finset_1__t15_finset_1.p #%# RamParIls #%# UNKNOWN, 1, 10000000
[    9.02s] solver: 564dceeb4134d1d9 @ finset_1__t15_finset_1.p #%# RamParIls #%# UNKNOWN, 1, 10000000
[    9.03s] solver: 37e1565c074ef803 @ finset_1__t13_finset_1.p #%# RamParIls #%# UNKNOWN, 1, 10000000
[    9.03s] solver: 9c46f728b376c9e1 @ finset_1__t15_finset_1.p #%# RamParIls #%# Theorem, 0.007707762998432853, 17
[    9.03s] solver: 7a3c93253f170e3b @ finset_1__t13_finset_1.p #%# RamParIls #%# UNKNOWN, 1, 10000000
[    9.06s] solver: f9a8d66e285bb1de @ finset_1__t15_finset_1.p #%# RamParIls #%# UNKNOWN, 1, 10000000
[    9.12s] solver: 38e552bd957aa5b9 @ finset_1__t13_finset_1.p #%# RamParIls #%# UNKNOWN, 1, 10000000
[    9.12s] solver: 38e552bd957aa5b9 @ finset_1__t15_finset_1.p #%# RamParIls #%# UNKNOWN, 1, 10000000
[    9.13s] solver: 9c46f728b376c9e1 @ finset_1__t13_finset_1.p #%# RamParIls #%# Theorem, 0.007896794001693372, 17
[    9.18s] solver: 4a2f5093ca8081c5 @ finset_1__t15_finset_1.p #%# RamParIls #%# UNKNOWN, 1, 10000000
[    9.20s] solver: 4a2f5093ca8081c5 @ finset_1__t13_finset_1.p #%# RamParIls #%# UNKNOWN, 1, 10000000
[    9.20s] solver: 879fd88ca215f73f @ finset_1__t13_finset_1.p #%# RamParIls #%# UNKNOWN, 1, 10000000
[    9.22s] solver: 95df6cc75688562e @ finset_1__t15_finset_1.p #%# RamParIls #%# UNKNOWN, 1, 10000000
[    9.22s] solver: 92ca592a3a0e9032 @ finset_1__t15_finset_1.p #%# RamParIls #%# UNKNOWN, 1, 10000000
[    9.25s] solver: 92ca592a3a0e9032 @ finset_1__t13_finset_1.p #%# RamParIls #%# UNKNOWN, 1, 10000000
[    9.25s] solver: 59cd63ae6515f0a7 @ finset_1__t13_finset_1.p #%# RamParIls #%# UNKNOWN, 1, 10000000
[    9.26s] solver: b758e0ebc67ddfb7 @ finset_1__t15_finset_1.p #%# RamParIls #%# UNKNOWN, 1, 10000000
[    9.27s] solver: 95df6cc75688562e @ finset_1__t13_finset_1.p #%# RamParIls #%# UNKNOWN, 1, 10000000
[    9.27s] solver: 879fd88ca215f73f @ finset_1__t15_finset_1.p #%# RamParIls #%# UNKNOWN, 1, 10000000
[    9.28s] solver: b758e0ebc67ddfb7 @ finset_1__t13_finset_1.p #%# RamParIls #%# UNKNOWN, 1, 10000000
[    9.29s] solver: 5c9293280e8a5382 @ finset_1__t15_finset_1.p #%# RamParIls #%# UNKNOWN, 1, 10000000
[    9.30s] solver: 5c9293280e8a5382 @ finset_1__t13_finset_1.p #%# RamParIls #%# UNKNOWN, 1, 10000000
[    9.30s] solver: 8bd51a4bfc689ff3 @ finset_1__t13_finset_1.p #%# RamParIls #%# UNKNOWN, 1, 10000000
[    9.32s] solver: 8bd51a4bfc689ff3 @ finset_1__t15_finset_1.p #%# RamParIls #%# UNKNOWN, 1, 10000000
[    9.32s] solver: 3936ad9f45c013d3 @ finset_1__t13_finset_1.p #%# RamParIls #%# UNKNOWN, 1, 10000000
[    9.34s] solver: 59cd63ae6515f0a7 @ finset_1__t15_finset_1.p #%# RamParIls #%# UNKNOWN, 1, 10000000
[    9.34s] solver: 3936ad9f45c013d3 @ finset_1__t15_finset_1.p #%# RamParIls #%# UNKNOWN, 1, 10000000
[    9.37s] solver: b57189ae3122b751 @ finset_1__t13_finset_1.p #%# RamParIls #%# UNKNOWN, 1, 10000000
[    9.38s] solver: 905417a84b85b4b1 @ finset_1__t13_finset_1.p #%# RamParIls #%# UNKNOWN, 1, 10000000
[    9.39s] solver: b57189ae3122b751 @ finset_1__t15_finset_1.p #%# RamParIls #%# UNKNOWN, 1, 10000000
[    9.39s] solver: 905417a84b85b4b1 @ finset_1__t15_finset_1.p #%# RamParIls #%# UNKNOWN, 1, 10000000
[    9.46s] solver: dad5d2fbc8128567 @ finset_1__t13_finset_1.p #%# RamParIls #%# UNKNOWN, 1, 10000000
[    9.46s] solver: bdad44f61edabc39 @ finset_1__t15_finset_1.p #%# RamParIls #%# UNKNOWN, 1, 10000000
[    9.51s] solver: 68086d2f935b89b8 @ finset_1__t13_finset_1.p #%# RamParIls #%# UNKNOWN, 1, 10000000
[    9.52s] solver: bdad44f61edabc39 @ finset_1__t13_finset_1.p #%# RamParIls #%# UNKNOWN, 1, 10000000
[    9.53s] solver: 8d484036051e1351 @ finset_1__t13_finset_1.p #%# RamParIls #%# UNKNOWN, 1, 10000000
[    9.54s] solver: dad5d2fbc8128567 @ finset_1__t15_finset_1.p #%# RamParIls #%# UNKNOWN, 1, 10000000
[    9.55s] solver: 68086d2f935b89b8 @ finset_1__t15_finset_1.p #%# RamParIls #%# UNKNOWN, 1, 10000000
[    9.56s] solver: 562a3d5179464f7a @ finset_1__t15_finset_1.p #%# RamParIls #%# UNKNOWN, 1, 10000000
[    9.56s] solver: 27a8fa6011dca5a2 @ finset_1__t15_finset_1.p #%# RamParIls #%# UNKNOWN, 1, 10000000
[    9.57s] solver: 562a3d5179464f7a @ finset_1__t13_finset_1.p #%# RamParIls #%# UNKNOWN, 1, 10000000
[    9.57s] solver: be5d403ed21b4c4e @ finset_1__t13_finset_1.p #%# RamParIls #%# UNKNOWN, 1, 10000000
[    9.58s] solver: ac6bb063f780bb08 @ finset_1__t13_finset_1.p #%# RamParIls #%# UNKNOWN, 1, 10000000
[    9.59s] solver: 8d484036051e1351 @ finset_1__t15_finset_1.p #%# RamParIls #%# UNKNOWN, 1, 10000000
[    9.60s] solver: be5d403ed21b4c4e @ finset_1__t15_finset_1.p #%# RamParIls #%# UNKNOWN, 1, 10000000
[    9.62s] solver: 0c33c0487afeb7f8 @ finset_1__t13_finset_1.p #%# RamParIls #%# UNKNOWN, 1, 10000000
[    9.63s] solver: 140ca1f395ab01ba @ finset_1__t13_finset_1.p #%# RamParIls #%# UNKNOWN, 1, 10000000
[    9.63s] solver: 140ca1f395ab01ba @ finset_1__t15_finset_1.p #%# RamParIls #%# UNKNOWN, 1, 10000000
[    9.63s] solver: 0c33c0487afeb7f8 @ finset_1__t15_finset_1.p #%# RamParIls #%# UNKNOWN, 1, 10000000
[    9.64s] solver: ac6bb063f780bb08 @ finset_1__t15_finset_1.p #%# RamParIls #%# UNKNOWN, 1, 10000000
[    9.64s] solver: 27a8fa6011dca5a2 @ finset_1__t13_finset_1.p #%# RamParIls #%# UNKNOWN, 1, 10000000
[    9.66s] solver: 4f2a8647efa0f974 @ finset_1__t13_finset_1.p #%# RamParIls #%# UNKNOWN, 1, 10000000
[    9.68s] solver: 4f2a8647efa0f974 @ finset_1__t15_finset_1.p #%# RamParIls #%# UNKNOWN, 1, 10000000
[    9.76s] solver: 61f6b9347bbc79b2 @ finset_1__t13_finset_1.p #%# RamParIls #%# UNKNOWN, 1, 10000000
[    9.79s] solver: 206316b9d8ee9a08 @ finset_1__t15_finset_1.p #%# RamParIls #%# UNKNOWN, 1, 10000000
[    9.80s] solver: 28fa3b870e3489e8 @ finset_1__t13_finset_1.p #%# RamParIls #%# UNKNOWN, 1, 10000000
[    9.82s] solver: 28fa3b870e3489e8 @ finset_1__t15_finset_1.p #%# RamParIls #%# UNKNOWN, 1, 10000000
[    9.83s] solver: f934c7dc3e074949 @ finset_1__t13_finset_1.p #%# RamParIls #%# UNKNOWN, 1, 10000000
[    9.83s] solver: 206316b9d8ee9a08 @ finset_1__t13_finset_1.p #%# RamParIls #%# UNKNOWN, 1, 10000000
[    9.84s] solver: f934c7dc3e074949 @ finset_1__t15_finset_1.p #%# RamParIls #%# UNKNOWN, 1, 10000000
[    9.84s] solver: 61f6b9347bbc79b2 @ finset_1__t15_finset_1.p #%# RamParIls #%# UNKNOWN, 1, 10000000
[    9.85s] solver: f3332744c57f9f8a @ finset_1__t15_finset_1.p #%# RamParIls #%# UNKNOWN, 1, 10000000
[    9.85s] solver: 2c0dbafe2f771fe1 @ finset_1__t15_finset_1.p #%# RamParIls #%# UNKNOWN, 1, 10000000
[    9.86s] solver: f3332744c57f9f8a @ finset_1__t13_finset_1.p #%# RamParIls #%# UNKNOWN, 1, 10000000
[    9.87s] solver: 2c0dbafe2f771fe1 @ finset_1__t13_finset_1.p #%# RamParIls #%# UNKNOWN, 1, 10000000
[    9.88s] solver: 5749b8a7632696b1 @ finset_1__t13_finset_1.p #%# RamParIls #%# UNKNOWN, 1, 10000000
[    9.88s] solver: bccc775fd335cb9a @ finset_1__t13_finset_1.p #%# RamParIls #%# UNKNOWN, 1, 10000000
[    9.90s] solver: e045edcf20527de8 @ finset_1__t13_finset_1.p #%# RamParIls #%# UNKNOWN, 1, 10000000
[    9.90s] solver: bccc775fd335cb9a @ finset_1__t15_finset_1.p #%# RamParIls #%# UNKNOWN, 1, 10000000
[    9.90s] solver: 5749b8a7632696b1 @ finset_1__t15_finset_1.p #%# RamParIls #%# UNKNOWN, 1, 10000000
[    9.91s] solver: e045edcf20527de8 @ finset_1__t15_finset_1.p #%# RamParIls #%# UNKNOWN, 1, 10000000
[    9.91s] solver: 44717de35b111ac4 @ finset_1__t13_finset_1.p #%# RamParIls #%# UNKNOWN, 1, 10000000
[    9.95s] solver: fca05682a55f1c92 @ finset_1__t13_finset_1.p #%# RamParIls #%# UNKNOWN, 1, 10000000
[    9.97s] solver: 44717de35b111ac4 @ finset_1__t15_finset_1.p #%# RamParIls #%# UNKNOWN, 1, 10000000
[   10.02s] eval: reset
[   10.02s] ils: bls local optimum score=16.000000
[   10.02s] eval: submitted tasks=3 hits=2 misses=1
[   10.02s] ils: n_runs increased to 3/10 incumbent_score=inf
[   10.02s] ils: best score: inf
