[    0.00s] eval: scheduler started workers=20
[    0.00s] ils: starting approach=focused instances=10 timeout=600s
[    0.00s] ils: initial config:
           condense: 1
           defcnf: 4
           der: stragg
           ext_sup_max_depth: 0
           fool_unroll: true
           forwardcntxtsr: 1
           fwdemod: 1
           heur0: 0
           heur1: 1
           heur2: 2
           heur3: 3
           ho_order_kind: lfho
           inverse_recognition: false
           lift_lambdas: true
           local_rw: true
           neg_ext: all
           no_eq_unfolding: 1
           pos_ext: all
           prefer: 0
           presat: 1
           replace_inj_defs: false
           satcheck: ConjMinMinFreq
           sel: SelectMaxLComplexAvoidAppVar
           simparamod: normal
           slots: 4
           sos_input_types: 1
           splaggr: 0
           splcl: 0
           srd: 0
           strong_rw_inst: 1
           tord: KBO6
           tord_const: 1
           tord_prec: invfreq
           tord_weight: precrank10
[    0.00s] eval: submitted tasks=1 hits=1 misses=0
[    0.01s] eval: submitted tasks=137 hits=137 misses=0
[    0.01s] eval: reset
[    0.01s] ils: bls improvement neighbor=28 score=14.000000 (was 15.000000)
[    0.01s] eval: submitted tasks=137 hits=23 misses=114
[    0.47s] eval: reset
[    0.47s] ils: bls improvement neighbor=42 score=13.000000 (was 14.000000)
[    0.47s] eval: submitted tasks=137 hits=3 misses=134
[    2.91s] eval: reset
[    2.91s] ils: bls local optimum score=13.000000
[    2.91s] ils: new incumbent: hash=cd037c6f77ec82ee score=13.000000 instances=1
           defcnf: 4 -> 24
           heur0: 0 -> 5
[    2.91s] ils: perturbation strength=4
[    2.91s] eval: submitted tasks=1 hits=0 misses=1
[    3.02s] ils: bls neighborhood=137 instances=1 incumbent=13.000000
[    3.02s] eval: submitted tasks=137 hits=0 misses=137
[    3.16s] eval: reset
[    3.16s] ils: bls improvement neighbor=15 score=14.000000 (was 19.000000)
[    3.16s] eval: submitted tasks=137 hits=1 misses=136
[    5.02s] eval: reset
[    5.02s] ils: bls local optimum score=14.000000
[    5.02s] eval: submitted tasks=2 hits=1 misses=1
[    6.32s] ils: n_runs increased to 2/10 incumbent_score=14.000000
[    6.32s] ils: perturbation strength=4
[    6.32s] eval: submitted tasks=2 hits=0 misses=2
[    6.46s] ils: bls neighborhood=137 instances=2 incumbent=14.000000
[    6.47s] eval: submitted tasks=274 hits=0 misses=274
[    6.67s] eval: reset
[    6.67s] ils: bls improvement neighbor=4 score=15.000000 (was 15.500000)
[    6.67s] eval: submitted tasks=274 hits=2 misses=272
[    8.87s] eval: reset
[    8.87s] ils: bls improvement neighbor=88 score=13.500000 (was 15.000000)
[    8.88s] eval: submitted tasks=274 hits=4 misses=270
[   12.51s] eval: reset
[   12.51s] ils: bls local optimum score=13.500000
[   12.52s] ils: new incumbent: hash=ee76038d39697676 score=13.500000 instances=2
           heur1: 1 -> 9
           heur2: 2 -> 4
           presat: 1 -> 0
           splcl: 0 -> 7
           tord_weight: precrank10 -> invfreqrank
[   12.52s] ils: perturbation strength=4
[   12.52s] eval: submitted tasks=2 hits=0 misses=2
[   13.70s] ils: bls neighborhood=137 instances=2 incumbent=13.500000
[   13.70s] eval: submitted tasks=274 hits=0 misses=274
[   14.07s] eval: reset
[   14.07s] ils: bls improvement neighbor=15 score=15.500000 (was 16.000000)
[   14.08s] eval: submitted tasks=274 hits=0 misses=274
[   14.27s] eval: reset
[   14.27s] ils: bls improvement neighbor=21 score=15.000000 (was 15.500000)
[   14.28s] eval: submitted tasks=274 hits=0 misses=274
[   14.31s] eval: reset
[   14.31s] ils: bls improvement neighbor=23 score=13.500000 (was 15.000000)
[   14.32s] eval: submitted tasks=274 hits=0 misses=274
[   22.79s] eval: reset
[   22.79s] ils: bls local optimum score=13.500000
[   22.79s] eval: submitted tasks=3 hits=2 misses=1
[   25.06s] ils: n_runs increased to 3/10 incumbent_score=18.000000
[   25.07s] ils: perturbation strength=4
[   25.07s] eval: submitted tasks=3 hits=0 misses=3
[   28.86s] ils: bls neighborhood=137 instances=3 incumbent=18.000000
[   28.87s] eval: submitted tasks=411 hits=0 misses=411
[   33.74s] eval: reset
[   33.74s] ils: bls improvement neighbor=36 score=16.333333 (was 16.666667)
[   33.74s] eval: submitted tasks=411 hits=0 misses=411
[   42.77s] eval: reset
[   42.77s] ils: bls improvement neighbor=129 score=16.000000 (was 16.333333)
[   42.77s] eval: submitted tasks=411 hits=6 misses=405
[   49.07s] eval: reset
[   49.07s] ils: bls local optimum score=16.000000
[   49.07s] ils: new incumbent: hash=8931748609376c16 score=16.000000 instances=3
           heur0: 5 -> 0
           heur1: 9 -> 13
           heur2: 4 -> 2
           heur3: 3 -> 5
           presat: 0 -> 1
           sel: SelectMaxLComplexAvoidAppVar -> SelectCQIPrecWNTNp
           splcl: 7 -> 0
           tord_prec: invfreq -> freq
           tord_weight: invfreqrank -> precrank10
[   49.07s] ils: perturbation strength=4
[   49.07s] eval: submitted tasks=3 hits=0 misses=3
[   49.49s] ils: bls neighborhood=137 instances=3 incumbent=16.000000
[   49.50s] eval: submitted tasks=411 hits=0 misses=411
[   49.66s] eval: reset
[   49.66s] ils: bls improvement neighbor=3 score=20.666667 (was 22.000000)
[   49.67s] eval: submitted tasks=411 hits=0 misses=411
[   50.04s] eval: reset
[   50.04s] ils: bls improvement neighbor=12 score=18.666667 (was 20.666667)
[   50.05s] eval: submitted tasks=411 hits=0 misses=411
[   53.24s] eval: reset
[   53.24s] ils: bls improvement neighbor=84 score=18.333333 (was 18.666667)
[   53.25s] eval: submitted tasks=411 hits=0 misses=411
[   56.55s] eval: reset
[   56.55s] ils: bls improvement neighbor=20 score=18.000000 (was 18.333333)
[   56.56s] eval: submitted tasks=411 hits=0 misses=411
[   56.74s] eval: reset
[   56.74s] ils: bls improvement neighbor=23 score=17.333333 (was 18.000000)
[   56.75s] eval: submitted tasks=411 hits=0 misses=411
[   58.86s] eval: reset
[   58.86s] ils: bls improvement neighbor=71 score=16.666667 (was 17.333333)
[   58.88s] eval: submitted tasks=411 hits=0 misses=411
[   64.98s] eval: reset
[   64.98s] ils: bls local optimum score=16.666667
[   64.98s] eval: submitted tasks=4 hits=3 misses=1
[   67.87s] ils: n_runs increased to 4/10 incumbent_score=22.500000
[   67.88s] ils: perturbation strength=4
[   67.88s] eval: submitted tasks=4 hits=0 misses=4
[   73.89s] ils: bls neighborhood=137 instances=4 incumbent=22.500000
[   73.90s] eval: submitted tasks=548 hits=0 misses=548
[   80.01s] eval: reset
[   80.01s] ils: bls improvement neighbor=1 score=18.000000 (was 18.750000)
[   80.02s] eval: submitted tasks=548 hits=0 misses=548
[   87.93s] eval: reset
[   87.93s] ils: bls improvement neighbor=45 score=17.250000 (was 18.000000)
[   87.94s] eval: submitted tasks=548 hits=0 misses=548
[  102.55s] eval: reset
[  102.55s] ils: bls local optimum score=17.250000
[  102.55s] ils: new incumbent: hash=824b4bfe5bcd13d1 score=17.250000 instances=4
           heur0: 0 -> 5
           heur1: 13 -> 1
           heur2: 2 -> 18
           heur3: 5 -> 16
           tord_prec: freq -> arity
[  102.55s] ils: perturbation strength=4
[  102.55s] eval: submitted tasks=4 hits=0 misses=4
[  114.31s] eval: reset
[  114.31s] ils: bls neighborhood=137 instances=4 incumbent=17.250000
[  114.32s] eval: submitted tasks=548 hits=0 misses=548
[  129.27s] eval: reset
[  129.27s] ils: bls local optimum score=2500013.250000
[  129.27s] eval: submitted tasks=5 hits=4 misses=1
[  143.42s] ils: n_runs increased to 5/10 incumbent_score=2000017.400000
[  143.42s] ils: perturbation strength=4
[  143.42s] eval: submitted tasks=5 hits=0 misses=5
[  143.81s] ils: bls neighborhood=137 instances=5 incumbent=2000017.400000
[  143.82s] eval: submitted tasks=685 hits=0 misses=685
[  181.40s] eval: reset
[  181.40s] ils: bls local optimum score=21.400000
[  181.40s] ils: new incumbent: hash=9e52fa0176cd82a4 score=21.400000 instances=5
           heur0: 5 -> 16
           heur1: 1 -> 15
           heur2: 18 -> 2
           heur3: 16 -> 11
           sel: SelectCQIPrecWNTNp -> SelectMaxLComplexAvoidAppVar
           tord_prec: arity -> invfreq
[  181.41s] ils: perturbation strength=4
[  181.41s] eval: submitted tasks=5 hits=0 misses=5
[  183.79s] eval: reset
[  183.79s] ils: bls neighborhood=99 instances=5 incumbent=21.400000
[  183.80s] eval: submitted tasks=495 hits=0 misses=495
[  201.70s] eval: reset
[  201.70s] ils: bls local optimum score=2500013.750000
[  201.70s] eval: submitted tasks=6 hits=5 misses=1
[  202.31s] ils: n_runs increased to 6/10 incumbent_score=4000011.600000
[  202.31s] ils: perturbation strength=4
[  202.31s] eval: submitted tasks=6 hits=0 misses=6
[  203.36s] ils: bls neighborhood=137 instances=6 incumbent=4000011.600000
[  203.37s] eval: submitted tasks=822 hits=0 misses=822
[  236.91s] eval: reset
[  236.91s] ils: bls local optimum score=2500011.500000
[  236.91s] ils: new incumbent: hash=bef87ee45e07ee39 score=2500011.500000 instances=6
           heur0: 16 -> 10
           heur1: 15 -> 5
           heur3: 11 -> 14
[  236.91s] ils: perturbation strength=4
[  236.91s] eval: submitted tasks=6 hits=0 misses=6
[  237.56s] ils: bls neighborhood=137 instances=6 incumbent=2500011.500000
[  237.57s] eval: submitted tasks=822 hits=0 misses=822
